Archive member included to satisfy reference by file (symbol)

/opt/devkitpro/libnx/lib/libnx.a(romfs_dev.o)
                              main.o (romfsMountSelf)
/opt/devkitpro/libnx/lib/libnx.a(path_buf.o)
                              /opt/devkitpro/libnx/lib/libnx.a(romfs_dev.o) (__nx_dev_path_buf)
/opt/devkitpro/libnx/lib/libnx.a(fs_dev.o)
                              /opt/devkitpro/libnx/lib/libnx.a(romfs_dev.o) (fsdevTranslatePath)
/opt/devkitpro/libnx/lib/libnx.a(decode_utf8.o)
                              /opt/devkitpro/libnx/lib/libnx.a(fs_dev.o) (decode_utf8)
/opt/devkitpro/libnx/lib/libnx.a(readtp.o)
                              /opt/devkitpro/libnx/lib/libnx.a(romfs_dev.o) (__aarch64_read_tp)
/opt/devkitpro/libnx/lib/libnx.a(switch_crt0.o)
                              (_start)
/opt/devkitpro/libnx/lib/libnx.a(fs.o)
                              /opt/devkitpro/libnx/lib/libnx.a(fs_dev.o) (fsOpenSdCardFileSystem)
/opt/devkitpro/libnx/lib/libnx.a(sm.o)
                              /opt/devkitpro/libnx/lib/libnx.a(fs.o) (smGetServiceWrapper)
/opt/devkitpro/libnx/lib/libnx.a(time.o)
                              /opt/devkitpro/libnx/lib/libnx.a(fs_dev.o) (timeToPosixTimeWithMyRule)
/opt/devkitpro/libnx/lib/libnx.a(dynamic.o)
                              /opt/devkitpro/libnx/lib/libnx.a(switch_crt0.o) (__nx_dynamic)
/opt/devkitpro/libnx/lib/libnx.a(hosversion.o)
                              /opt/devkitpro/libnx/lib/libnx.a(fs.o) (hosversionGet)
/opt/devkitpro/libnx/lib/libnx.a(init.o)
                              /opt/devkitpro/libnx/lib/libnx.a(switch_crt0.o) (__libnx_init)
/opt/devkitpro/libnx/lib/libnx.a(env.o)
                              /opt/devkitpro/libnx/lib/libnx.a(init.o) (envSetup)
/opt/devkitpro/libnx/lib/libnx.a(alloc.o)
                              /opt/devkitpro/libnx/lib/libnx.a(romfs_dev.o) (__libnx_alloc)
/opt/devkitpro/libnx/lib/libnx.a(newlib.o)
                              /opt/devkitpro/libnx/lib/libnx.a(init.o) (__libnx_init_time)
/opt/devkitpro/libnx/lib/libnx.a(diag.o)
                              /opt/devkitpro/libnx/lib/libnx.a(sm.o) (diagAbortWithResult)
/opt/devkitpro/libnx/lib/libnx.a(argv.o)
                              /opt/devkitpro/libnx/lib/libnx.a(init.o) (argvSetup)
/opt/devkitpro/libnx/lib/libnx.a(svc.o)
                              /opt/devkitpro/libnx/lib/libnx.a(init.o) (svcSetHeapSize)
/opt/devkitpro/libnx/lib/libnx.a(exception.o)
                              /opt/devkitpro/libnx/lib/libnx.a(switch_crt0.o) (__libnx_exception_entry)
/opt/devkitpro/libnx/lib/libnx.a(shmem.o)
                              /opt/devkitpro/libnx/lib/libnx.a(time.o) (shmemLoadRemote)
/opt/devkitpro/libnx/lib/libnx.a(mutex.o)
                              /opt/devkitpro/libnx/lib/libnx.a(fs.o) (mutexLock)
/opt/devkitpro/libnx/lib/libnx.a(virtmem.o)
                              /opt/devkitpro/libnx/lib/libnx.a(init.o) (virtmemSetup)
/opt/devkitpro/libnx/lib/libnx.a(event.o)
                              /opt/devkitpro/libnx/lib/libnx.a(fs.o) (eventLoadRemote)
/opt/devkitpro/libnx/lib/libnx.a(condvar.o)
                              /opt/devkitpro/libnx/lib/libnx.a(newlib.o) (condvarWaitTimeout)
/opt/devkitpro/libnx/lib/libnx.a(random.o)
                              /opt/devkitpro/libnx/lib/libnx.a(virtmem.o) (randomGet64)
/opt/devkitpro/libnx/lib/libnx.a(thread.o)
                              /opt/devkitpro/libnx/lib/libnx.a(init.o) (__libnx_init_thread)
/opt/devkitpro/libnx/lib/libnx.a(sessionmgr.o)
                              /opt/devkitpro/libnx/lib/libnx.a(fs.o) (sessionmgrCreate)
/opt/devkitpro/libnx/lib/libnx.a(set.o)
                              /opt/devkitpro/libnx/lib/libnx.a(init.o) (setsysInitialize)
/opt/devkitpro/libnx/lib/libnx.a(applet.o)
                              /opt/devkitpro/libnx/lib/libnx.a(init.o) (__nx_applet_type)
/opt/devkitpro/libnx/lib/libnx.a(hid.o)
                              /opt/devkitpro/libnx/lib/libnx.a(init.o) (hidInitialize)
/opt/devkitpro/libnx/lib/libnx.a(nxlink.o)
                              /opt/devkitpro/libnx/lib/libnx.a(argv.o) (nxlinkSetup)
/opt/devkitpro/libnx/lib/libnx.a(wait.o)
                              /opt/devkitpro/libnx/lib/libnx.a(event.o) (waitObjects)
/opt/devkitpro/libnx/lib/libnx.a(tmem.o)
                              /opt/devkitpro/libnx/lib/libnx.a(applet.o) (tmemCreate)
/opt/devkitpro/libnx/lib/libnx.a(apm.o)
                              /opt/devkitpro/libnx/lib/libnx.a(applet.o) (apmInitialize)
/opt/devkitpro/devkitA64/bin/../lib/gcc/aarch64-none-elf/11.2.0/../../../../aarch64-none-elf/lib/pic/libg.a(lib_a-aligned_alloc.o)
                              /opt/devkitpro/libnx/lib/libnx.a(alloc.o) (aligned_alloc)
/opt/devkitpro/devkitA64/bin/../lib/gcc/aarch64-none-elf/11.2.0/../../../../aarch64-none-elf/lib/pic/libg.a(lib_a-bsearch.o)
                              /opt/devkitpro/libnx/lib/libnx.a(fs_dev.o) (bsearch)
[...]
Memory Configuration

Name             Origin             Length             Attributes
*default*        0x0000000000000000 0xffffffffffffffff

Linker script and memory map

                0x0000000000000000                PROVIDE (__start__ = 0x0)
                0x0000000000000000                . = __start__
                0x0000000000000000                __code_start = .

.crt0           0x0000000000000000      0x140
 *(.crt0)
 .crt0          0x0000000000000000      0x140 /opt/devkitpro/libnx/lib/libnx.a(switch_crt0.o)
                0x0000000000000000                _start
                0x0000000000000108                __nx_exit
                0x0000000000000118                __nx_mod0
                0x0000000000000140                . = ALIGN (0x8)

.init           0x0000000000000140       0x38
 *(.init)
 .init          0x0000000000000140       0x18 /opt/devkitpro/devkitA64/bin/../lib/gcc/aarch64-none-elf/11.2.0/pic/crti.o
                0x0000000000000140                _init
 .init          0x0000000000000158       0x1c /opt/devkitpro/devkitA64/bin/../lib/gcc/aarch64-none-elf/11.2.0/pic/crtn.o
                0x0000000000000178                . = ALIGN (0x8)
 *fill*         0x0000000000000174        0x4 

.plt            0x0000000000000178        0x0
 *(.plt)
 .plt           0x0000000000000178        0x0 /opt/devkitpro/devkitA64/bin/../lib/gcc/aarch64-none-elf/11.2.0/pic/crti.o
 *(.iplt)
                0x0000000000000178                . = ALIGN (0x8)

.text           0x0000000000000180     0xf430
 *(.text.unlikely .text.*_unlikely .text.unlikely.*)
 *(.text.exit .text.exit.*)
 .text.exit     0x0000000000000180       0x38 /opt/devkitpro/devkitA64/bin/../lib/gcc/aarch64-none-elf/11.2.0/../../../../aarch64-none-elf/lib/pic/libg.a(lib_a-exit.o)
                0x0000000000000180                exit
 *(.text.startup .text.startup.*)
 *fill*         0x00000000000001b8        0x8 
 .text.startup.main
                0x00000000000001c0       0x20 main.o
                0x00000000000001c0                main
 *(.text.hot .text.hot.*)
 *(.text .stub .text.* .gnu.linkonce.t.*)
 .text.__do_global_dtors_aux
                0x00000000000001e0       0x44 /opt/devkitpro/devkitA64/bin/../lib/gcc/aarch64-none-elf/11.2.0/pic/crtbegin.o
 *fill*         0x0000000000000224        0xc 
 .text.frame_dummy
                0x0000000000000230       0x24 /opt/devkitpro/devkitA64/bin/../lib/gcc/aarch64-none-elf/11.2.0/pic/crtbegin.o
 *fill*         0x0000000000000254        0xc 
 .text.romfs_close
                0x0000000000000260        0x8 /opt/devkitpro/libnx/lib/libnx.a(romfs_dev.o)
 *fill*         0x0000000000000268        0x8 
 .text.romfs_seek
                0x0000000000000270       0x80 /opt/devkitpro/libnx/lib/libnx.a(romfs_dev.o)
 .text.romfs_dirreset
                0x00000000000002f0       0x1c /opt/devkitpro/libnx/lib/libnx.a(romfs_dev.o)
 *fill*         0x000000000000030c        0x4 
 .text.fillDir  0x0000000000000310      0x100 /opt/devkitpro/libnx/lib/libnx.a(romfs_dev.o)
 .text.romfs_dirnext
                0x0000000000000410      0x2c4 /opt/devkitpro/libnx/lib/libnx.a(romfs_dev.o)
 *fill*         0x00000000000006d4        0xc 
 .text.searchForDir
                0x00000000000006e0      0x128 /opt/devkitpro/libnx/lib/libnx.a(romfs_dev.o)
 *fill*         0x0000000000000808        0x8 
 .text._romfs_read_safe
                0x0000000000000810      0x164 /opt/devkitpro/libnx/lib/libnx.a(romfs_dev.o)
 *fill*         0x0000000000000974        0xc 
 .text._romfs_read
                0x0000000000000980       0xc4 /opt/devkitpro/libnx/lib/libnx.a(romfs_dev.o)
 *fill*         0x0000000000000a44        0xc 
 .text.romfs_read
                0x0000000000000a50       0x84 /opt/devkitpro/libnx/lib/libnx.a(romfs_dev.o)
 *fill*         0x0000000000000ad4        0xc 
 .text.romfs_free
                0x0000000000000ae0       0xb0 /opt/devkitpro/libnx/lib/libnx.a(romfs_dev.o)
 .text.navigateToDir.constprop.0
                0x0000000000000b90      0x1f4 /opt/devkitpro/libnx/lib/libnx.a(romfs_dev.o)
 *fill*         0x0000000000000d84        0xc 
 .text.romfs_chdir
                0x0000000000000d90       0x54 /opt/devkitpro/libnx/lib/libnx.a(romfs_dev.o)
 *fill*         0x0000000000000de4        0xc 
 .text.romfs_diropen
                0x0000000000000df0       0x84 /opt/devkitpro/libnx/lib/libnx.a(romfs_dev.o)
 *fill*         0x0000000000000e74        0xc 
 .text.searchForFile.constprop.0
                0x0000000000000e80      0x128 /opt/devkitpro/libnx/lib/libnx.a(romfs_dev.o)
 *fill*         0x0000000000000fa8        0x8 
 .text.romfs_open
                0x0000000000000fb0      0x10c /opt/devkitpro/libnx/lib/libnx.a(romfs_dev.o)
 *fill*         0x00000000000010bc        0x4 
 .text.romfs_stat
                0x00000000000010c0      0x1b8 /opt/devkitpro/libnx/lib/libnx.a(romfs_dev.o)
 *fill*         0x0000000000001278        0x8 
 .text.romfs_dirclose
                0x0000000000001280        0x8 /opt/devkitpro/libnx/lib/libnx.a(romfs_dev.o)
 *fill*         0x0000000000001288        0x8 
 .text.romfsFindMount
                0x0000000000001290      0x138 /opt/devkitpro/libnx/lib/libnx.a(romfs_dev.o)
 *fill*         0x00000000000013c8        0x8 
 .text.romfs_fstat
                0x00000000000013d0       0x6c /opt/devkitpro/libnx/lib/libnx.a(romfs_dev.o)
 *fill*         0x000000000000143c        0x4 
 .text.romfsMountCommon
                0x0000000000001440      0x1b4 /opt/devkitpro/libnx/lib/libnx.a(romfs_dev.o)
 *fill*         0x00000000000015f4        0xc 
 .text.romfsMountFromFile
                0x0000000000001600       0x68 /opt/devkitpro/libnx/lib/libnx.a(romfs_dev.o)
                0x0000000000001600                romfsMountFromFile
 *fill*         0x0000000000001668        0x8 
 .text.romfsMountFromStorage
                0x0000000000001670       0x70 /opt/devkitpro/libnx/lib/libnx.a(romfs_dev.o)
                0x0000000000001670                romfsMountFromStorage
 .text.romfsMountFromCurrentProcess
                0x00000000000016e0       0x38 /opt/devkitpro/libnx/lib/libnx.a(romfs_dev.o)
                0x00000000000016e0                romfsMountFromCurrentProcess
 *fill*         0x0000000000001718        0x8 
 .text.romfsMountSelf
                0x0000000000001720      0x1a0 /opt/devkitpro/libnx/lib/libnx.a(romfs_dev.o)
                0x0000000000001720                romfsMountSelf
 .text.fsdev_link
                0x00000000000018c0       0x14 /opt/devkitpro/libnx/lib/libnx.a(fs_dev.o)
 *fill*         0x00000000000018d4        0xc 
 .text.fsdev_dirreset
                0x00000000000018e0       0x14 /opt/devkitpro/libnx/lib/libnx.a(fs_dev.o)
 *fill*         0x00000000000018f4        0xc 
 .text.fsdev_chmod
                0x0000000000001900       0x14 /opt/devkitpro/libnx/lib/libnx.a(fs_dev.o)
 *fill*         0x0000000000001914        0xc 
 .text.error_cmp
                0x0000000000001920       0x18 /opt/devkitpro/libnx/lib/libnx.a(fs_dev.o)
 *fill*         0x0000000000001938        0x8 
 .text.fsdev_dirclose
                0x0000000000001940       0x20 /opt/devkitpro/libnx/lib/libnx.a(fs_dev.o)
 .text.fsdev_close
                0x0000000000001960       0x1c /opt/devkitpro/libnx/lib/libnx.a(fs_dev.o)
 *fill*         0x000000000000197c        0x4 
 .text.fsdev_converttimetoutc
                0x0000000000001980       0x80 /opt/devkitpro/libnx/lib/libnx.a(fs_dev.o)
 .text.fsdevFindDevice.part.0
                0x0000000000001a00       0xb8 /opt/devkitpro/libnx/lib/libnx.a(fs_dev.o)
 *fill*         0x0000000000001ab8        0x8 
 .text.fsdev_fixpath
                0x0000000000001ac0      0x1e0 /opt/devkitpro/libnx/lib/libnx.a(fs_dev.o)
 .text._fsdevUnmountDeviceStruct.part.0
                0x0000000000001ca0       0xa0 /opt/devkitpro/libnx/lib/libnx.a(fs_dev.o)
 .text.fsdev_fchmod
                0x0000000000001d40       0x14 /opt/devkitpro/libnx/lib/libnx.a(fs_dev.o)
 *fill*         0x0000000000001d54        0xc 
 .text.fsdev_diropen
                0x0000000000001d60      0x108 /opt/devkitpro/libnx/lib/libnx.a(fs_dev.o)
 *fill*         0x0000000000001e68        0x8 
 .text.fsdev_fsync
                0x0000000000001e70       0x7c /opt/devkitpro/libnx/lib/libnx.a(fs_dev.o)
 *fill*         0x0000000000001eec        0x4 
 .text.fsdev_fstat
                0x0000000000001ef0      0x108 /opt/devkitpro/libnx/lib/libnx.a(fs_dev.o)
 *fill*         0x0000000000001ff8        0x8 
 .text.fsdev_ftruncate
                0x0000000000002000       0x94 /opt/devkitpro/libnx/lib/libnx.a(fs_dev.o)
 *fill*         0x0000000000002094        0xc 
 .text.fsdev_stat
                0x00000000000020a0      0x1f8 /opt/devkitpro/libnx/lib/libnx.a(fs_dev.o)
 *fill*         0x0000000000002298        0x8 
 .text.fsdev_rename
                0x00000000000022a0      0x154 /opt/devkitpro/libnx/lib/libnx.a(fs_dev.o)
 *fill*         0x00000000000023f4        0xc 
 .text.fsdev_chdir
                0x0000000000002400      0x148 /opt/devkitpro/libnx/lib/libnx.a(fs_dev.o)
 *fill*         0x0000000000002548        0x8 
 .text.fsdev_mkdir
                0x0000000000002550       0xac /opt/devkitpro/libnx/lib/libnx.a(fs_dev.o)
 *fill*         0x00000000000025fc        0x4 
 .text.fsdev_unlink
                0x0000000000002600       0xac /opt/devkitpro/libnx/lib/libnx.a(fs_dev.o)
 *fill*         0x00000000000026ac        0x4 
 .text.fsdev_rmdir
                0x00000000000026b0       0xac /opt/devkitpro/libnx/lib/libnx.a(fs_dev.o)
 *fill*         0x000000000000275c        0x4 
 .text.fsdev_statvfs
                0x0000000000002760      0x104 /opt/devkitpro/libnx/lib/libnx.a(fs_dev.o)
 *fill*         0x0000000000002864        0xc 
 .text.fsdev_write_safe
                0x0000000000002870      0x13c /opt/devkitpro/libnx/lib/libnx.a(fs_dev.o)
 *fill*         0x00000000000029ac        0x4 
 .text.fsdev_read_safe
                0x00000000000029b0      0x13c /opt/devkitpro/libnx/lib/libnx.a(fs_dev.o)
 *fill*         0x0000000000002aec        0x4 
 .text.fsdev_read
                0x0000000000002af0      0x104 /opt/devkitpro/libnx/lib/libnx.a(fs_dev.o)
 *fill*         0x0000000000002bf4        0xc 
 .text.fsdev_dirnext
                0x0000000000002c00      0x1d4 /opt/devkitpro/libnx/lib/libnx.a(fs_dev.o)
 *fill*         0x0000000000002dd4        0xc 
 .text.fsdev_write
                0x0000000000002de0      0x124 /opt/devkitpro/libnx/lib/libnx.a(fs_dev.o)
 *fill*         0x0000000000002f04        0xc 
 .text.fsdev_seek
                0x0000000000002f10       0xe4 /opt/devkitpro/libnx/lib/libnx.a(fs_dev.o)
 *fill*         0x0000000000002ff4        0xc 
 .text.fsdev_open
                0x0000000000003000      0x238 /opt/devkitpro/libnx/lib/libnx.a(fs_dev.o)
 *fill*         0x0000000000003238        0x8 
 .text.fsdevMountDevice
                0x0000000000003240      0x26c /opt/devkitpro/libnx/lib/libnx.a(fs_dev.o)
                0x0000000000003240                fsdevMountDevice
 *fill*         0x00000000000034ac        0x4 
 .text.fsdevMountSdmc
                0x00000000000034b0       0x48 /opt/devkitpro/libnx/lib/libnx.a(fs_dev.o)
                0x00000000000034b0                fsdevMountSdmc
 *fill*         0x00000000000034f8        0x8 
 .text.__libnx_init_cwd
                0x0000000000003500       0xcc /opt/devkitpro/libnx/lib/libnx.a(fs_dev.o)
                0x0000000000003500                __libnx_init_cwd
 *fill*         0x00000000000035cc        0x4 
 .text.fsdevUnmountAll
                0x00000000000035d0       0x64 /opt/devkitpro/libnx/lib/libnx.a(fs_dev.o)
                0x00000000000035d0                fsdevUnmountAll
 *fill*         0x0000000000003634        0xc 
 .text.fsdevTranslatePath
                0x0000000000003640       0x84 /opt/devkitpro/libnx/lib/libnx.a(fs_dev.o)
                0x0000000000003640                fsdevTranslatePath
 *fill*         0x00000000000036c4        0xc 
 .text.decode_utf8
                0x00000000000036d0      0x12c /opt/devkitpro/libnx/lib/libnx.a(decode_utf8.o)
                0x00000000000036d0                decode_utf8
 .text.__aarch64_read_tp
                0x00000000000037fc        0xc /opt/devkitpro/libnx/lib/libnx.a(readtp.o)
                0x00000000000037fc                __aarch64_read_tp
 *fill*         0x0000000000003808        0x8 
 .text._fsCleanup
                0x0000000000003810       0xb4 /opt/devkitpro/libnx/lib/libnx.a(fs.o)
 *fill*         0x00000000000038c4        0xc 
 .text._fsCmdNoIO
                0x00000000000038d0      0x1b0 /opt/devkitpro/libnx/lib/libnx.a(fs.o)
 .text._fsFsCmdWithInPath
                0x0000000000003a80      0x1d4 /opt/devkitpro/libnx/lib/libnx.a(fs.o)
 *fill*         0x0000000000003c54        0xc 
 .text._fsFsCmdWithTwoInPaths
                0x0000000000003c60      0x1fc /opt/devkitpro/libnx/lib/libnx.a(fs.o)
 *fill*         0x0000000000003e5c        0x4 
 .text._fsFsOpenCommon
                0x0000000000003e60      0x23c /opt/devkitpro/libnx/lib/libnx.a(fs.o)
 *fill*         0x000000000000409c        0x4 
 .text._fsFsCmdWithInPathAndOutU64
                0x00000000000040a0      0x1f0 /opt/devkitpro/libnx/lib/libnx.a(fs.o)
 .text._fsObjectClose
                0x0000000000004290       0xf4 /opt/devkitpro/libnx/lib/libnx.a(fs.o)
 *fill*         0x0000000000004384        0xc 
 .text._fsCmdGetSession.constprop.0
                0x0000000000004390      0x17c /opt/devkitpro/libnx/lib/libnx.a(fs.o)
 *fill*         0x000000000000450c        0x4 
 .text.fsInitialize
                0x0000000000004510      0x318 /opt/devkitpro/libnx/lib/libnx.a(fs.o)
                0x0000000000004510                fsInitialize
 *fill*         0x0000000000004828        0x8 
 .text.fsExit   0x0000000000004830       0x44 /opt/devkitpro/libnx/lib/libnx.a(fs.o)
                0x0000000000004830                fsExit
 *fill*         0x0000000000004874        0xc 
 .text.fsOpenSdCardFileSystem
                0x0000000000004880        0x8 /opt/devkitpro/libnx/lib/libnx.a(fs.o)
                0x0000000000004880                fsOpenSdCardFileSystem
 *fill*         0x0000000000004888        0x8 
 .text.fsOpenDataStorageByCurrentProcess
                0x0000000000004890        0x8 /opt/devkitpro/libnx/lib/libnx.a(fs.o)
                0x0000000000004890                fsOpenDataStorageByCurrentProcess
 *fill*         0x0000000000004898        0x8 
 .text.fsFsCreateFile
                0x00000000000048a0      0x1e4 /opt/devkitpro/libnx/lib/libnx.a(fs.o)
                0x00000000000048a0                fsFsCreateFile
 *fill*         0x0000000000004a84        0xc 
 .text.fsFsDeleteFile
                0x0000000000004a90        0x8 /opt/devkitpro/libnx/lib/libnx.a(fs.o)
                0x0000000000004a90                fsFsDeleteFile
 *fill*         0x0000000000004a98        0x8 
 .text.fsFsCreateDirectory
                0x0000000000004aa0        0x8 /opt/devkitpro/libnx/lib/libnx.a(fs.o)
                0x0000000000004aa0                fsFsCreateDirectory
 *fill*         0x0000000000004aa8        0x8 
 .text.fsFsDeleteDirectory
                0x0000000000004ab0        0x8 /opt/devkitpro/libnx/lib/libnx.a(fs.o)
                0x0000000000004ab0                fsFsDeleteDirectory
 *fill*         0x0000000000004ab8        0x8 
 .text.fsFsRenameFile
                0x0000000000004ac0        0x8 /opt/devkitpro/libnx/lib/libnx.a(fs.o)
                0x0000000000004ac0                fsFsRenameFile
 *fill*         0x0000000000004ac8        0x8 
 .text.fsFsRenameDirectory
                0x0000000000004ad0        0x8 /opt/devkitpro/libnx/lib/libnx.a(fs.o)
                0x0000000000004ad0                fsFsRenameDirectory
 *fill*         0x0000000000004ad8        0x8 
 .text.fsFsGetEntryType
                0x0000000000004ae0      0x1ec /opt/devkitpro/libnx/lib/libnx.a(fs.o)
                0x0000000000004ae0                fsFsGetEntryType
 *fill*         0x0000000000004ccc        0x4 
 .text.fsFsOpenFile
                0x0000000000004cd0        0x8 /opt/devkitpro/libnx/lib/libnx.a(fs.o)
                0x0000000000004cd0                fsFsOpenFile
 *fill*         0x0000000000004cd8        0x8 
 .text.fsFsOpenDirectory
                0x0000000000004ce0        0x8 /opt/devkitpro/libnx/lib/libnx.a(fs.o)
                0x0000000000004ce0                fsFsOpenDirectory
 *fill*         0x0000000000004ce8        0x8 
 .text.fsFsGetFreeSpace
                0x0000000000004cf0        0x8 /opt/devkitpro/libnx/lib/libnx.a(fs.o)
                0x0000000000004cf0                fsFsGetFreeSpace
 *fill*         0x0000000000004cf8        0x8 
 .text.fsFsGetTotalSpace
                0x0000000000004d00        0x8 /opt/devkitpro/libnx/lib/libnx.a(fs.o)
                0x0000000000004d00                fsFsGetTotalSpace
 *fill*         0x0000000000004d08        0x8 
 .text.fsFsGetFileTimeStampRaw
                0x0000000000004d10      0x230 /opt/devkitpro/libnx/lib/libnx.a(fs.o)
                0x0000000000004d10                fsFsGetFileTimeStampRaw
 .text.fsFsClose
                0x0000000000004f40        0x4 /opt/devkitpro/libnx/lib/libnx.a(fs.o)
                0x0000000000004f40                fsFsClose
 *fill*         0x0000000000004f44        0xc 
 .text.fsFileRead
                0x0000000000004f50      0x210 /opt/devkitpro/libnx/lib/libnx.a(fs.o)
                0x0000000000004f50                fsFileRead
 .text.fsFileWrite
                0x0000000000005160      0x200 /opt/devkitpro/libnx/lib/libnx.a(fs.o)
                0x0000000000005160                fsFileWrite
 .text.fsFileFlush
                0x0000000000005360        0x8 /opt/devkitpro/libnx/lib/libnx.a(fs.o)
                0x0000000000005360                fsFileFlush
 *fill*         0x0000000000005368        0x8 
 .text.fsFileSetSize
                0x0000000000005370      0x1b4 /opt/devkitpro/libnx/lib/libnx.a(fs.o)
                0x0000000000005370                fsFileSetSize
 *fill*         0x0000000000005524        0xc 
 .text.fsFileGetSize
                0x0000000000005530      0x1c4 /opt/devkitpro/libnx/lib/libnx.a(fs.o)
                0x0000000000005530                fsFileGetSize
 *fill*         0x00000000000056f4        0xc 
 .text.fsFileClose
                0x0000000000005700        0x4 /opt/devkitpro/libnx/lib/libnx.a(fs.o)
                0x0000000000005700                fsFileClose
 *fill*         0x0000000000005704        0xc 
 .text.fsDirClose
                0x0000000000005710        0x4 /opt/devkitpro/libnx/lib/libnx.a(fs.o)
                0x0000000000005710                fsDirClose
 *fill*         0x0000000000005714        0xc 
 .text.fsDirRead
                0x0000000000005720      0x204 /opt/devkitpro/libnx/lib/libnx.a(fs.o)
                0x0000000000005720                fsDirRead
 *fill*         0x0000000000005924        0xc 
 .text.fsStorageRead
                0x0000000000005930      0x1f0 /opt/devkitpro/libnx/lib/libnx.a(fs.o)
                0x0000000000005930                fsStorageRead
 .text.fsStorageClose
                0x0000000000005b20        0x4 /opt/devkitpro/libnx/lib/libnx.a(fs.o)
                0x0000000000005b20                fsStorageClose
 *fill*         0x0000000000005b24        0xc 
 .text._smCmifCmdInPid
                0x0000000000005b30       0xd0 /opt/devkitpro/libnx/lib/libnx.a(sm.o)
 .text._smCleanup
                0x0000000000005c00       0x68 /opt/devkitpro/libnx/lib/libnx.a(sm.o)
 *fill*         0x0000000000005c68        0x8 
 .text.smAddOverrideHandle
                0x0000000000005c70       0x48 /opt/devkitpro/libnx/lib/libnx.a(sm.o)
                0x0000000000005c70                smAddOverrideHandle
 *fill*         0x0000000000005cb8        0x8 
 .text.smGetServiceOverride
                0x0000000000005cc0       0x54 /opt/devkitpro/libnx/lib/libnx.a(sm.o)
                0x0000000000005cc0                smGetServiceOverride
 *fill*         0x0000000000005d14        0xc 
 .text.smInitialize
                0x0000000000005d20      0x1c0 /opt/devkitpro/libnx/lib/libnx.a(sm.o)
                0x0000000000005d20                smInitialize
 .text.smExit   0x0000000000005ee0       0x44 /opt/devkitpro/libnx/lib/libnx.a(sm.o)
                0x0000000000005ee0                smExit
 *fill*         0x0000000000005f24        0xc 
 .text.smGetServiceOriginal
                0x0000000000005f30       0xd0 /opt/devkitpro/libnx/lib/libnx.a(sm.o)
                0x0000000000005f30                smGetServiceOriginal
 .text.smGetServiceWrapper
                0x0000000000006000      0x120 /opt/devkitpro/libnx/lib/libnx.a(sm.o)
                0x0000000000006000                smGetServiceWrapper
 .text._timeCleanup
                0x0000000000006120      0x228 /opt/devkitpro/libnx/lib/libnx.a(time.o)
 *fill*         0x0000000000006348        0x8 
 .text._timeCmdNoInOutU64.constprop.0
                0x0000000000006350       0xc8 /opt/devkitpro/libnx/lib/libnx.a(time.o)
 *fill*         0x0000000000006418        0x8 
 .text._timeCmdGetSession.constprop.0
                0x0000000000006420      0x100 /opt/devkitpro/libnx/lib/libnx.a(time.o)
 .text._timeGetSharedMemoryNativeHandle.constprop.0
                0x0000000000006520       0xcc /opt/devkitpro/libnx/lib/libnx.a(time.o)
 *fill*         0x00000000000065ec        0x4 
 .text._timeReadClockFromSharedMem
                0x00000000000065f0      0x110 /opt/devkitpro/libnx/lib/libnx.a(time.o)
 .text.timeInitialize
                0x0000000000006700      0x238 /opt/devkitpro/libnx/lib/libnx.a(time.o)
                0x0000000000006700                timeInitialize
 *fill*         0x0000000000006938        0x8 
 .text.timeExit
                0x0000000000006940       0x44 /opt/devkitpro/libnx/lib/libnx.a(time.o)
                0x0000000000006940                timeExit
 *fill*         0x0000000000006984        0xc 
 .text.timeGetServiceSession_SystemClock
                0x0000000000006990       0x38 /opt/devkitpro/libnx/lib/libnx.a(time.o)
                0x0000000000006990                timeGetServiceSession_SystemClock
 *fill*         0x00000000000069c8        0x8 
 .text.timeGetCurrentTime
                0x00000000000069d0       0x5c /opt/devkitpro/libnx/lib/libnx.a(time.o)
                0x00000000000069d0                timeGetCurrentTime
 *fill*         0x0000000000006a2c        0x4 
 .text.timeToCalendarTimeWithMyRule
                0x0000000000006a30      0x110 /opt/devkitpro/libnx/lib/libnx.a(time.o)
                0x0000000000006a30                timeToCalendarTimeWithMyRule
 .text.timeToPosixTimeWithMyRule
                0x0000000000006b40      0x104 /opt/devkitpro/libnx/lib/libnx.a(time.o)
                0x0000000000006b40                timeToPosixTimeWithMyRule
 *fill*         0x0000000000006c44        0xc 
 .text.__nx_dynamic
                0x0000000000006c50       0xa0 /opt/devkitpro/libnx/lib/libnx.a(dynamic.o)
                0x0000000000006c50                __nx_dynamic
 .text.hosversionGet
                0x0000000000006cf0       0x14 /opt/devkitpro/libnx/lib/libnx.a(hosversion.o)
                0x0000000000006cf0                hosversionGet
 *fill*         0x0000000000006d04        0xc 
 .text.hosversionSet
                0x0000000000006d10       0x10 /opt/devkitpro/libnx/lib/libnx.a(hosversion.o)
                0x0000000000006d10                hosversionSet
 .text.__libnx_initheap
                0x0000000000006d20       0xd8 /opt/devkitpro/libnx/lib/libnx.a(init.o)
                0x0000000000006d20                __libnx_initheap
 *fill*         0x0000000000006df8        0x8 
 .text.__appInit
                0x0000000000006e00       0xec /opt/devkitpro/libnx/lib/libnx.a(init.o)
                0x0000000000006e00                __appInit
 *fill*         0x0000000000006eec        0x4 
 .text.__appExit
                0x0000000000006ef0       0x44 /opt/devkitpro/libnx/lib/libnx.a(init.o)
                0x0000000000006ef0                __appExit
 *fill*         0x0000000000006f34        0xc 
 .text.__libnx_init
                0x0000000000006f40       0x2c /opt/devkitpro/libnx/lib/libnx.a(init.o)
                0x0000000000006f40                __libnx_init
 *fill*         0x0000000000006f6c        0x4 
 .text.__libnx_exit
                0x0000000000006f70       0x20 /opt/devkitpro/libnx/lib/libnx.a(init.o)
                0x0000000000006f70                __libnx_exit
 .text.envSetup
                0x0000000000006f90      0x24c /opt/devkitpro/libnx/lib/libnx.a(env.o)
                0x0000000000006f90                envSetup
 *fill*         0x00000000000071dc        0x4 
 .text.envGetMainThreadHandle
                0x00000000000071e0       0x20 /opt/devkitpro/libnx/lib/libnx.a(env.o)
                0x00000000000071e0                envGetMainThreadHandle
 .text.envIsNso
                0x0000000000007200        0xc /opt/devkitpro/libnx/lib/libnx.a(env.o)
                0x0000000000007200                envIsNso
 *fill*         0x000000000000720c        0x4 
 .text.envHasHeapOverride
                0x0000000000007210       0x14 /opt/devkitpro/libnx/lib/libnx.a(env.o)
                0x0000000000007210                envHasHeapOverride
 *fill*         0x0000000000007224        0xc 
 .text.envGetHeapOverrideAddr
                0x0000000000007230        0xc /opt/devkitpro/libnx/lib/libnx.a(env.o)
                0x0000000000007230                envGetHeapOverrideAddr
 *fill*         0x000000000000723c        0x4 
 .text.envGetHeapOverrideSize
                0x0000000000007240        0xc /opt/devkitpro/libnx/lib/libnx.a(env.o)
                0x0000000000007240                envGetHeapOverrideSize
 *fill*         0x000000000000724c        0x4 
 .text.envHasArgv
                0x0000000000007250       0x14 /opt/devkitpro/libnx/lib/libnx.a(env.o)
                0x0000000000007250                envHasArgv
 *fill*         0x0000000000007264        0xc 
 .text.envGetArgv
                0x0000000000007270        0xc /opt/devkitpro/libnx/lib/libnx.a(env.o)
                0x0000000000007270                envGetArgv
 *fill*         0x000000000000727c        0x4 
 .text.envGetExitFuncPtr
                0x0000000000007280        0xc /opt/devkitpro/libnx/lib/libnx.a(env.o)
                0x0000000000007280                envGetExitFuncPtr
 *fill*         0x000000000000728c        0x4 
 .text.envSetExitFuncPtr
                0x0000000000007290        0xc /opt/devkitpro/libnx/lib/libnx.a(env.o)
                0x0000000000007290                envSetExitFuncPtr
 *fill*         0x000000000000729c        0x4 
 .text.envHasRandomSeed
                0x00000000000072a0        0xc /opt/devkitpro/libnx/lib/libnx.a(env.o)
                0x00000000000072a0                envHasRandomSeed
 *fill*         0x00000000000072ac        0x4 
 .text.envGetRandomSeed
                0x00000000000072b0       0x18 /opt/devkitpro/libnx/lib/libnx.a(env.o)
                0x00000000000072b0                envGetRandomSeed
 *fill*         0x00000000000072c8        0x8 
 .text.__libnx_alloc
                0x00000000000072d0        0x4 /opt/devkitpro/libnx/lib/libnx.a(alloc.o)
                0x00000000000072d0                __libnx_alloc
 *fill*         0x00000000000072d4        0xc 
 .text.__libnx_free
                0x00000000000072e0        0x4 /opt/devkitpro/libnx/lib/libnx.a(alloc.o)
                0x00000000000072e0                __libnx_free
 *fill*         0x00000000000072e4        0xc 
 .text.__syscall_exit
                0x00000000000072f0       0x1c /opt/devkitpro/libnx/lib/libnx.a(newlib.o)
                0x00000000000072f0                __syscall_exit
 *fill*         0x000000000000730c        0x4 
 .text.__syscall_getreent
                0x0000000000007310       0x34 /opt/devkitpro/libnx/lib/libnx.a(newlib.o)
                0x0000000000007310                __syscall_getreent
 *fill*         0x0000000000007344        0xc 
 .text.__syscall_lock_acquire_recursive
                0x0000000000007350        0x4 /opt/devkitpro/libnx/lib/libnx.a(newlib.o)
                0x0000000000007350                __syscall_lock_acquire_recursive
 *fill*         0x0000000000007354        0xc 
 .text.__syscall_lock_release_recursive
                0x0000000000007360        0x4 /opt/devkitpro/libnx/lib/libnx.a(newlib.o)
                0x0000000000007360                __syscall_lock_release_recursive
 *fill*         0x0000000000007364        0xc 
 .text.__libnx_init_time
                0x0000000000007370      0x228 /opt/devkitpro/libnx/lib/libnx.a(newlib.o)
                0x0000000000007370                __libnx_init_time
 *fill*         0x0000000000007598        0x8 
 .text.__syscall_gettod_r
                0x00000000000075a0       0x8c /opt/devkitpro/libnx/lib/libnx.a(newlib.o)
                0x00000000000075a0                __syscall_gettod_r
 *fill*         0x000000000000762c        0x4 
 .text.newlibSetup
                0x0000000000007630       0x84 /opt/devkitpro/libnx/lib/libnx.a(newlib.o)
                0x0000000000007630                newlibSetup
 *fill*         0x00000000000076b4        0xc 
 .text.diagAbortWithResult
                0x00000000000076c0       0x1c /opt/devkitpro/libnx/lib/libnx.a(diag.o)
                0x00000000000076c0                diagAbortWithResult
 *fill*         0x00000000000076dc        0x4 
 .text.argvSetup
                0x00000000000076e0      0x320 /opt/devkitpro/libnx/lib/libnx.a(argv.o)
                0x00000000000076e0                argvSetup
 .text.svcSetHeapSize
                0x0000000000007a00       0x14 /opt/devkitpro/libnx/lib/libnx.a(svc.o)
                0x0000000000007a00                svcSetHeapSize
 .text.svcUnmapMemory
                0x0000000000007a14        0x8 /opt/devkitpro/libnx/lib/libnx.a(svc.o)
                0x0000000000007a14                svcUnmapMemory
 .text.svcQueryMemory
                0x0000000000007a1c       0x14 /opt/devkitpro/libnx/lib/libnx.a(svc.o)
                0x0000000000007a1c                svcQueryMemory
 .text.svcExitProcess
                0x0000000000007a30        0x8 /opt/devkitpro/libnx/lib/libnx.a(svc.o)
                0x0000000000007a30                svcExitProcess
 .text.svcSleepThread
                0x0000000000007a38        0x8 /opt/devkitpro/libnx/lib/libnx.a(svc.o)
                0x0000000000007a38                svcSleepThread
 .text.svcMapSharedMemory
                0x0000000000007a40        0x8 /opt/devkitpro/libnx/lib/libnx.a(svc.o)
                0x0000000000007a40                svcMapSharedMemory
 .text.svcUnmapSharedMemory
                0x0000000000007a48        0x8 /opt/devkitpro/libnx/lib/libnx.a(svc.o)
                0x0000000000007a48                svcUnmapSharedMemory
 .text.svcCloseHandle
                0x0000000000007a50        0x8 /opt/devkitpro/libnx/lib/libnx.a(svc.o)
                0x0000000000007a50                svcCloseHandle
 .text.svcResetSignal
                0x0000000000007a58        0x8 /opt/devkitpro/libnx/lib/libnx.a(svc.o)
                0x0000000000007a58                svcResetSignal
 .text.svcWaitSynchronization
                0x0000000000007a60       0x14 /opt/devkitpro/libnx/lib/libnx.a(svc.o)
                0x0000000000007a60                svcWaitSynchronization
 .text.svcArbitrateLock
                0x0000000000007a74        0x8 /opt/devkitpro/libnx/lib/libnx.a(svc.o)
                0x0000000000007a74                svcArbitrateLock
 .text.svcArbitrateUnlock
                0x0000000000007a7c        0x8 /opt/devkitpro/libnx/lib/libnx.a(svc.o)
                0x0000000000007a7c                svcArbitrateUnlock
 .text.svcWaitProcessWideKeyAtomic
                0x0000000000007a84        0x8 /opt/devkitpro/libnx/lib/libnx.a(svc.o)
                0x0000000000007a84                svcWaitProcessWideKeyAtomic
 .text.svcSignalProcessWideKey
                0x0000000000007a8c        0x8 /opt/devkitpro/libnx/lib/libnx.a(svc.o)
                0x0000000000007a8c                svcSignalProcessWideKey
 .text.svcConnectToNamedPort
                0x0000000000007a94       0x14 /opt/devkitpro/libnx/lib/libnx.a(svc.o)
                0x0000000000007a94                svcConnectToNamedPort
 .text.svcSendSyncRequest
                0x0000000000007aa8        0x8 /opt/devkitpro/libnx/lib/libnx.a(svc.o)
                0x0000000000007aa8                svcSendSyncRequest
 .text.svcBreak
                0x0000000000007ab0        0x8 /opt/devkitpro/libnx/lib/libnx.a(svc.o)
                0x0000000000007ab0                svcBreak
 .text.svcReturnFromException
                0x0000000000007ab8        0x8 /opt/devkitpro/libnx/lib/libnx.a(svc.o)
                0x0000000000007ab8                svcReturnFromException
 .text.svcGetInfo
                0x0000000000007ac0       0x14 /opt/devkitpro/libnx/lib/libnx.a(svc.o)
                0x0000000000007ac0                svcGetInfo
 .text.svcUnmapTransferMemory
                0x0000000000007ad4        0x8 /opt/devkitpro/libnx/lib/libnx.a(svc.o)
                0x0000000000007ad4                svcUnmapTransferMemory
 .text.__libnx_exception_entry
                0x0000000000007adc      0x1c0 /opt/devkitpro/libnx/lib/libnx.a(exception.o)
                0x0000000000007adc                __libnx_exception_entry
 .text.__libnx_exception_returnentry
                0x0000000000007c9c       0x18 /opt/devkitpro/libnx/lib/libnx.a(exception.o)
                0x0000000000007c9c                __libnx_exception_returnentry
 *fill*         0x0000000000007cb4        0xc 
 .text.shmemLoadRemote
                0x0000000000007cc0       0x14 /opt/devkitpro/libnx/lib/libnx.a(shmem.o)
                0x0000000000007cc0                shmemLoadRemote
 *fill*         0x0000000000007cd4        0xc 
 .text.shmemMap
                0x0000000000007ce0       0x88 /opt/devkitpro/libnx/lib/libnx.a(shmem.o)
                0x0000000000007ce0                shmemMap
 *fill*         0x0000000000007d68        0x8 
 .text.shmemUnmap
                0x0000000000007d70       0x34 /opt/devkitpro/libnx/lib/libnx.a(shmem.o)
                0x0000000000007d70                shmemUnmap
 *fill*         0x0000000000007da4        0xc 
 .text.shmemClose
                0x0000000000007db0       0x44 /opt/devkitpro/libnx/lib/libnx.a(shmem.o)
                0x0000000000007db0                shmemClose
 *fill*         0x0000000000007df4        0xc 
 .text.mutexLock
                0x0000000000007e00       0x80 /opt/devkitpro/libnx/lib/libnx.a(mutex.o)
                0x0000000000007e00                mutexLock
 .text.mutexUnlock
                0x0000000000007e80       0x68 /opt/devkitpro/libnx/lib/libnx.a(mutex.o)
                0x0000000000007e80                mutexUnlock
 *fill*         0x0000000000007ee8        0x8 
 .text.mutexIsLockedByCurrentThread
                0x0000000000007ef0       0x1c /opt/devkitpro/libnx/lib/libnx.a(mutex.o)
                0x0000000000007ef0                mutexIsLockedByCurrentThread
 *fill*         0x0000000000007f0c        0x4 
 .text.rmutexLock
                0x0000000000007f10       0x4c /opt/devkitpro/libnx/lib/libnx.a(mutex.o)
                0x0000000000007f10                rmutexLock
 *fill*         0x0000000000007f5c        0x4 
 .text.rmutexUnlock
                0x0000000000007f60       0x1c /opt/devkitpro/libnx/lib/libnx.a(mutex.o)
                0x0000000000007f60                rmutexUnlock
 *fill*         0x0000000000007f7c        0x4 
 .text._memregionInitWithInfo
                0x0000000000007f80       0x64 /opt/devkitpro/libnx/lib/libnx.a(virtmem.o)
 *fill*         0x0000000000007fe4        0xc 
 .text.__libnx_virtmem_rng
                0x0000000000007ff0        0x4 /opt/devkitpro/libnx/lib/libnx.a(virtmem.o)
                0x0000000000007ff0                __libnx_virtmem_rng
 *fill*         0x0000000000007ff4        0xc 
 .text._memregionFindRandom
                0x0000000000008000      0x178 /opt/devkitpro/libnx/lib/libnx.a(virtmem.o)
 *fill*         0x0000000000008178        0x8 
 .text.virtmemSetup
                0x0000000000008180      0x120 /opt/devkitpro/libnx/lib/libnx.a(virtmem.o)
                0x0000000000008180                virtmemSetup
 .text.virtmemLock
                0x00000000000082a0        0xc /opt/devkitpro/libnx/lib/libnx.a(virtmem.o)
                0x00000000000082a0                virtmemLock
 *fill*         0x00000000000082ac        0x4 
 .text.virtmemUnlock
                0x00000000000082b0        0xc /opt/devkitpro/libnx/lib/libnx.a(virtmem.o)
                0x00000000000082b0                virtmemUnlock
 *fill*         0x00000000000082bc        0x4 
 .text.virtmemFindAslr
                0x00000000000082c0       0x54 /opt/devkitpro/libnx/lib/libnx.a(virtmem.o)
                0x00000000000082c0                virtmemFindAslr
 *fill*         0x0000000000008314        0xc 
 .text.eventLoadRemote
                0x0000000000008320        0xc /opt/devkitpro/libnx/lib/libnx.a(event.o)
                0x0000000000008320                eventLoadRemote
 *fill*         0x000000000000832c        0x4 
 .text.eventWait
                0x0000000000008330       0x38 /opt/devkitpro/libnx/lib/libnx.a(event.o)
                0x0000000000008330                eventWait
 *fill*         0x0000000000008368        0x8 
 .text.eventClose
                0x0000000000008370       0x50 /opt/devkitpro/libnx/lib/libnx.a(event.o)
                0x0000000000008370                eventClose
 .text.condvarWaitTimeout
                0x00000000000083c0       0x64 /opt/devkitpro/libnx/lib/libnx.a(condvar.o)
                0x00000000000083c0                condvarWaitTimeout
 *fill*         0x0000000000008424        0xc 
 .text.randomGet
                0x0000000000008430      0x3d4 /opt/devkitpro/libnx/lib/libnx.a(random.o)
                0x0000000000008430                randomGet
 *fill*         0x0000000000008804        0xc 
 .text.randomGet64
                0x0000000000008810       0x20 /opt/devkitpro/libnx/lib/libnx.a(random.o)
                0x0000000000008810                randomGet64
 .text.__libnx_init_thread
                0x0000000000008830       0xac /opt/devkitpro/libnx/lib/libnx.a(thread.o)
                0x0000000000008830                __libnx_init_thread
 *fill*         0x00000000000088dc        0x4 
 .text.sessionmgrCreate
                0x00000000000088e0      0x180 /opt/devkitpro/libnx/lib/libnx.a(sessionmgr.o)
                0x00000000000088e0                sessionmgrCreate
 .text.sessionmgrClose
                0x0000000000008a60       0x84 /opt/devkitpro/libnx/lib/libnx.a(sessionmgr.o)
                0x0000000000008a60                sessionmgrClose
 *fill*         0x0000000000008ae4        0xc 
 .text.sessionmgrAttachClient
                0x0000000000008af0       0xb4 /opt/devkitpro/libnx/lib/libnx.a(sessionmgr.o)
                0x0000000000008af0                sessionmgrAttachClient
 *fill*         0x0000000000008ba4        0xc 
 .text.sessionmgrDetachClient
                0x0000000000008bb0       0x70 /opt/devkitpro/libnx/lib/libnx.a(sessionmgr.o)
                0x0000000000008bb0                sessionmgrDetachClient
 .text._setsysGetFirmwareVersionImpl
                0x0000000000008c20       0xd4 /opt/devkitpro/libnx/lib/libnx.a(set.o)
 *fill*         0x0000000000008cf4        0xc 
 .text._setsysCleanup
                0x0000000000008d00       0x68 /opt/devkitpro/libnx/lib/libnx.a(set.o)
 *fill*         0x0000000000008d68        0x8 
 .text.setsysInitialize
                0x0000000000008d70       0xa0 /opt/devkitpro/libnx/lib/libnx.a(set.o)
                0x0000000000008d70                setsysInitialize
 .text.setsysExit
                0x0000000000008e10       0x44 /opt/devkitpro/libnx/lib/libnx.a(set.o)
                0x0000000000008e10                setsysExit
 *fill*         0x0000000000008e54        0xc 
 .text.setsysGetFirmwareVersion
                0x0000000000008e60       0x44 /opt/devkitpro/libnx/lib/libnx.a(set.o)
                0x0000000000008e60                setsysGetFirmwareVersion
 *fill*         0x0000000000008ea4        0xc 
 .text._appletInfiniteSleepLoop
                0x0000000000008eb0       0x24 /opt/devkitpro/libnx/lib/libnx.a(applet.o)
 *fill*         0x0000000000008ed4        0xc 
 .text._appletCmdGetSession
                0x0000000000008ee0      0x108 /opt/devkitpro/libnx/lib/libnx.a(applet.o)
 *fill*         0x0000000000008fe8        0x8 
 .text._appletCmdInU8NoOut
                0x0000000000008ff0       0xcc /opt/devkitpro/libnx/lib/libnx.a(applet.o)
 *fill*         0x00000000000090bc        0x4 
 .text._appletGetLaunchReason
                0x00000000000090c0      0x104 /opt/devkitpro/libnx/lib/libnx.a(applet.o)
 *fill*         0x00000000000091c4        0xc 
 .text._appletSetFocusHandlingMode
                0x00000000000091d0       0xe4 /opt/devkitpro/libnx/lib/libnx.a(applet.o)
 *fill*         0x00000000000092b4        0xc 
 .text._appletCmdInU32NoOut
                0x00000000000092c0       0xcc /opt/devkitpro/libnx/lib/libnx.a(applet.o)
 *fill*         0x000000000000938c        0x4 
 .text._appletGetSessionProxy.constprop.0
                0x0000000000009390      0x138 /opt/devkitpro/libnx/lib/libnx.a(applet.o)
 *fill*         0x00000000000094c8        0x8 
 .text._appletOpenLibraryAppletProxy.constprop.0
                0x00000000000094d0      0x154 /opt/devkitpro/libnx/lib/libnx.a(applet.o)
 *fill*         0x0000000000009624        0xc 
 .text._appletCmdGetHandle.constprop.0.isra.0
                0x0000000000009630       0xd0 /opt/devkitpro/libnx/lib/libnx.a(applet.o)
 .text._appletCmdNoInOutU8.isra.0
                0x0000000000009700       0xd4 /opt/devkitpro/libnx/lib/libnx.a(applet.o)
 *fill*         0x00000000000097d4        0xc 
 .text._appletCmdNoInOutU32.isra.0
                0x00000000000097e0       0xd4 /opt/devkitpro/libnx/lib/libnx.a(applet.o)
 *fill*         0x00000000000098b4        0xc 
 .text._appletCmdNoInOutU64.isra.0
                0x00000000000098c0       0xd4 /opt/devkitpro/libnx/lib/libnx.a(applet.o)
 *fill*         0x0000000000009994        0xc 
 .text._appletCmdNoIO.isra.0
                0x00000000000099a0       0xc0 /opt/devkitpro/libnx/lib/libnx.a(applet.o)
 .text.appletSetFocusHandlingMode
                0x0000000000009a60      0x118 /opt/devkitpro/libnx/lib/libnx.a(applet.o)
                0x0000000000009a60                appletSetFocusHandlingMode
 *fill*         0x0000000000009b78        0x8 
 .text.appletSetCpuBoostMode
                0x0000000000009b80       0x5c /opt/devkitpro/libnx/lib/libnx.a(applet.o)
                0x0000000000009b80                appletSetCpuBoostMode
 *fill*         0x0000000000009bdc        0x4 
 .text.appletGetAppletResourceUserId
                0x0000000000009be0        0xc /opt/devkitpro/libnx/lib/libnx.a(applet.o)
                0x0000000000009be0                appletGetAppletResourceUserId
 *fill*         0x0000000000009bec        0x4 
 .text._appletGetIndirectLayerConsumerHandle
                0x0000000000009bf0       0xf8 /opt/devkitpro/libnx/lib/libnx.a(applet.o)
 *fill*         0x0000000000009ce8        0x8 
 .text._appletHolderCreateState
                0x0000000000009cf0       0x88 /opt/devkitpro/libnx/lib/libnx.a(applet.o)
 *fill*         0x0000000000009d78        0x8 
 .text.appletHolderClose
                0x0000000000009d80       0xa8 /opt/devkitpro/libnx/lib/libnx.a(applet.o)
                0x0000000000009d80                appletHolderClose
 *fill*         0x0000000000009e28        0x8 
 .text.appletHolderGetLibraryAppletInfo
                0x0000000000009e30       0x24 /opt/devkitpro/libnx/lib/libnx.a(applet.o)
                0x0000000000009e30                appletHolderGetLibraryAppletInfo
 *fill*         0x0000000000009e54        0xc 
 .text.appletNotifyRunning
                0x0000000000009e60       0x90 /opt/devkitpro/libnx/lib/libnx.a(applet.o)
                0x0000000000009e60                appletNotifyRunning
 .text.appletSetGamePlayRecordingState
                0x0000000000009ef0       0x8c /opt/devkitpro/libnx/lib/libnx.a(applet.o)
                0x0000000000009ef0                appletSetGamePlayRecordingState
 *fill*         0x0000000000009f7c        0x4 
 .text._appletCleanup
                0x0000000000009f80      0xac0 /opt/devkitpro/libnx/lib/libnx.a(applet.o)
 .text.appletExit
                0x000000000000aa40       0x44 /opt/devkitpro/libnx/lib/libnx.a(applet.o)
                0x000000000000aa40                appletExit
 *fill*         0x000000000000aa84        0xc 
 .text.appletGetLibraryAppletInfo
                0x000000000000aa90       0x40 /opt/devkitpro/libnx/lib/libnx.a(applet.o)
                0x000000000000aa90                appletGetLibraryAppletInfo
 .text.appletInitialize
                0x000000000000aad0      0xa10 /opt/devkitpro/libnx/lib/libnx.a(applet.o)
                0x000000000000aad0                appletInitialize
 .text._appletExitProcess
                0x000000000000b4e0       0x24 /opt/devkitpro/libnx/lib/libnx.a(applet.o)
 *fill*         0x000000000000b504        0xc 
 .text._hidCleanup
                0x000000000000b510      0x108 /opt/devkitpro/libnx/lib/libnx.a(hid.o)
 *fill*         0x000000000000b618        0x8 
 .text._hidCreateAppletResource.constprop.0
                0x000000000000b620      0x118 /opt/devkitpro/libnx/lib/libnx.a(hid.o)
 *fill*         0x000000000000b738        0x8 
 .text._hidCmdGetHandle.constprop.0
                0x000000000000b740       0xc8 /opt/devkitpro/libnx/lib/libnx.a(hid.o)
 *fill*         0x000000000000b808        0x8 
 .text.hidInitialize
                0x000000000000b810       0xdc /opt/devkitpro/libnx/lib/libnx.a(hid.o)
                0x000000000000b810                hidInitialize
 *fill*         0x000000000000b8ec        0x4 
 .text.hidExit  0x000000000000b8f0       0x44 /opt/devkitpro/libnx/lib/libnx.a(hid.o)
                0x000000000000b8f0                hidExit
 *fill*         0x000000000000b934        0xc 
 .text.nxlinkSetup
                0x000000000000b940       0xc4 /opt/devkitpro/libnx/lib/libnx.a(nxlink.o)
                0x000000000000b940                nxlinkSetup
 *fill*         0x000000000000ba04        0xc 
 .text.waitObjects
                0x000000000000ba10      0x45c /opt/devkitpro/libnx/lib/libnx.a(wait.o)
                0x000000000000ba10                waitObjects
 *fill*         0x000000000000be6c        0x4 
 .text.tmemUnmap
                0x000000000000be70       0x34 /opt/devkitpro/libnx/lib/libnx.a(tmem.o)
                0x000000000000be70                tmemUnmap
 *fill*         0x000000000000bea4        0xc 
 .text.tmemClose
                0x000000000000beb0       0x68 /opt/devkitpro/libnx/lib/libnx.a(tmem.o)
                0x000000000000beb0                tmemClose
 *fill*         0x000000000000bf18        0x8 
 .text._apmCleanup
                0x000000000000bf20       0xc0 /opt/devkitpro/libnx/lib/libnx.a(apm.o)
 .text._apmCmdGetSession.constprop.0
                0x000000000000bfe0       0xfc /opt/devkitpro/libnx/lib/libnx.a(apm.o)
 *fill*         0x000000000000c0dc        0x4 
 .text.apmInitialize
                0x000000000000c0e0       0xa0 /opt/devkitpro/libnx/lib/libnx.a(apm.o)
                0x000000000000c0e0                apmInitialize
 .text.apmExit  0x000000000000c180       0x44 /opt/devkitpro/libnx/lib/libnx.a(apm.o)
                0x000000000000c180                apmExit
 *fill*         0x000000000000c1c4        0xc 
 .text.apmSetPerformanceConfiguration
                0x000000000000c1d0       0xc8 /opt/devkitpro/libnx/lib/libnx.a(apm.o)
                0x000000000000c1d0                apmSetPerformanceConfiguration
 *fill*         0x000000000000c298        0x8 
 .text.bsearch  0x000000000000c2a0       0xb8 /opt/devkitpro/devkitA64/bin/../lib/gcc/aarch64-none-elf/11.2.0/../../../../aarch64-none-elf/lib/pic/libg.a(lib_a-bsearch.o)
                0x000000000000c2a0                bsearch
 *fill*         0x000000000000c358        0x8 
 .text.__errno  0x000000000000c360       0x14 /opt/devkitpro/devkitA64/bin/../lib/gcc/aarch64-none-elf/11.2.0/../../../../aarch64-none-elf/lib/pic/libg.a(lib_a-errno.o)
                0x000000000000c360                __errno
 *fill*         0x000000000000c374        0xc 
 .text.__libc_fini_array
                0x000000000000c380       0x44 /opt/devkitpro/devkitA64/bin/../lib/gcc/aarch64-none-elf/11.2.0/../../../../aarch64-none-elf/lib/pic/libg.a(lib_a-fini.o)
                0x000000000000c380                __libc_fini_array
 *fill*         0x000000000000c3c4        0xc 
 .text.gmtime   0x000000000000c3d0       0x2c /opt/devkitpro/devkitA64/bin/../lib/gcc/aarch64-none-elf/11.2.0/../../../../aarch64-none-elf/lib/pic/libg.a(lib_a-gmtime.o)
                0x000000000000c3d0                gmtime
 *fill*         0x000000000000c3fc        0x4 
 .text.gmtime_r
                0x000000000000c400      0x29c /opt/devkitpro/devkitA64/bin/../lib/gcc/aarch64-none-elf/11.2.0/../../../../aarch64-none-elf/lib/pic/libg.a(lib_a-gmtime_r.o)
                0x000000000000c400                gmtime_r
 *fill*         0x000000000000c69c        0x4 
 .text.__libc_init_array
                0x000000000000c6a0       0x8c /opt/devkitpro/devkitA64/bin/../lib/gcc/aarch64-none-elf/11.2.0/../../../../aarch64-none-elf/lib/pic/libg.a(lib_a-init.o)
                0x000000000000c6a0                __libc_init_array
 *fill*         0x000000000000c72c        0x4 
 .text.malloc   0x000000000000c730       0x24 /opt/devkitpro/devkitA64/bin/../lib/gcc/aarch64-none-elf/11.2.0/../../../../aarch64-none-elf/lib/pic/libg.a(lib_a-malloc.o)
                0x000000000000c730                malloc
 *fill*         0x000000000000c754        0xc 
 .text.free     0x000000000000c760       0x24 /opt/devkitpro/devkitA64/bin/../lib/gcc/aarch64-none-elf/11.2.0/../../../../aarch64-none-elf/lib/pic/libg.a(lib_a-malloc.o)
                0x000000000000c760                free
 *fill*         0x000000000000c784        0xc 
 .text._malloc_r
                0x000000000000c790      0x86c /opt/devkitpro/devkitA64/bin/../lib/gcc/aarch64-none-elf/11.2.0/../../../../aarch64-none-elf/lib/pic/libg.a(lib_a-mallocr.o)
                0x000000000000c790                _malloc_r
 *fill*         0x000000000000cffc        0x4 
 .text          0x000000000000d000      0x110 /opt/devkitpro/devkitA64/bin/../lib/gcc/aarch64-none-elf/11.2.0/../../../../aarch64-none-elf/lib/pic/libg.a(lib_a-memcmp.o)
                0x000000000000d000                memcmp
 *fill*         0x000000000000d110       0x30 
 .text          0x000000000000d140      0x16c /opt/devkitpro/devkitA64/bin/../lib/gcc/aarch64-none-elf/11.2.0/../../../../aarch64-none-elf/lib/pic/libg.a(lib_a-memcpy.o)
                0x000000000000d140                memcpy
 *fill*         0x000000000000d2ac       0x14 
 .text          0x000000000000d2c0      0x1dc /opt/devkitpro/devkitA64/bin/../lib/gcc/aarch64-none-elf/11.2.0/../../../../aarch64-none-elf/lib/pic/libg.a(lib_a-memset.o)
                0x000000000000d2c0                memset
 *fill*         0x000000000000d49c        0x4 
 .text.__malloc_lock
                0x000000000000d4a0        0xc /opt/devkitpro/devkitA64/bin/../lib/gcc/aarch64-none-elf/11.2.0/../../../../aarch64-none-elf/lib/pic/libg.a(lib_a-mlock.o)
                0x000000000000d4a0                __malloc_lock
 *fill*         0x000000000000d4ac        0x4 
 .text.__malloc_unlock
                0x000000000000d4b0        0xc /opt/devkitpro/devkitA64/bin/../lib/gcc/aarch64-none-elf/11.2.0/../../../../aarch64-none-elf/lib/pic/libg.a(lib_a-mlock.o)
                0x000000000000d4b0                __malloc_unlock
 *fill*         0x000000000000d4bc        0x4 
 .text.setenv   0x000000000000d4c0       0x3c /opt/devkitpro/devkitA64/bin/../lib/gcc/aarch64-none-elf/11.2.0/../../../../aarch64-none-elf/lib/pic/libg.a(lib_a-setenv.o)
                0x000000000000d4c0                setenv
 *fill*         0x000000000000d4fc        0x4 
 .text._setenv_r
                0x000000000000d500      0x268 /opt/devkitpro/devkitA64/bin/../lib/gcc/aarch64-none-elf/11.2.0/../../../../aarch64-none-elf/lib/pic/libg.a(lib_a-setenv_r.o)
                0x000000000000d500                _setenv_r
 .text          0x000000000000d768       0xdc /opt/devkitpro/devkitA64/bin/../lib/gcc/aarch64-none-elf/11.2.0/../../../../aarch64-none-elf/lib/pic/libg.a(lib_a-strchr.o)
                0x000000000000d768                strchr
 *fill*         0x000000000000d844       0x3c 
 .text          0x000000000000d880       0xe4 /opt/devkitpro/devkitA64/bin/../lib/gcc/aarch64-none-elf/11.2.0/../../../../aarch64-none-elf/lib/pic/libg.a(lib_a-strcmp.o)
                0x000000000000d880                strcmp
 *fill*         0x000000000000d964       0x1c 
 .text          0x000000000000d980      0x140 /opt/devkitpro/devkitA64/bin/../lib/gcc/aarch64-none-elf/11.2.0/../../../../aarch64-none-elf/lib/pic/libg.a(lib_a-strlen.o)
                0x000000000000d980                strlen
 .text.strncat  0x000000000000dac0       0x7c /opt/devkitpro/devkitA64/bin/../lib/gcc/aarch64-none-elf/11.2.0/../../../../aarch64-none-elf/lib/pic/libg.a(lib_a-strncat.o)
                0x000000000000dac0                strncat
 *fill*         0x000000000000db3c        0x4 
 .text          0x000000000000db40      0x1d4 /opt/devkitpro/devkitA64/bin/../lib/gcc/aarch64-none-elf/11.2.0/../../../../aarch64-none-elf/lib/pic/libg.a(lib_a-strncmp.o)
                0x000000000000db5c                strncmp
 *fill*         0x000000000000dd14        0xc 
 .text.strncpy  0x000000000000dd20       0x9c /opt/devkitpro/devkitA64/bin/../lib/gcc/aarch64-none-elf/11.2.0/../../../../aarch64-none-elf/lib/pic/libg.a(lib_a-strncpy.o)
                0x000000000000dd20                strncpy
 *fill*         0x000000000000ddbc        0x4 
 .text          0x000000000000ddc0       0xe0 /opt/devkitpro/devkitA64/bin/../lib/gcc/aarch64-none-elf/11.2.0/../../../../aarch64-none-elf/lib/pic/libg.a(lib_a-strnlen.o)
                0x000000000000dde4                strnlen
 .text._strtoul_l.constprop.0
                0x000000000000dea0      0x19c /opt/devkitpro/devkitA64/bin/../lib/gcc/aarch64-none-elf/11.2.0/../../../../aarch64-none-elf/lib/pic/libg.a(lib_a-strtoul.o)
 *fill*         0x000000000000e03c        0x4 
 .text.strtoul  0x000000000000e040       0x48 /opt/devkitpro/devkitA64/bin/../lib/gcc/aarch64-none-elf/11.2.0/../../../../aarch64-none-elf/lib/pic/libg.a(lib_a-strtoul.o)
                0x000000000000e040                strtoul
 *fill*         0x000000000000e088        0x8 
 .text.time     0x000000000000e090       0x40 /opt/devkitpro/devkitA64/bin/../lib/gcc/aarch64-none-elf/11.2.0/../../../../aarch64-none-elf/lib/pic/libg.a(lib_a-time.o)
                0x000000000000e090                time
 .text.__call_exitprocs
                0x000000000000e0d0      0x12c /opt/devkitpro/devkitA64/bin/../lib/gcc/aarch64-none-elf/11.2.0/../../../../aarch64-none-elf/lib/pic/libg.a(lib_a-__call_atexit.o)
                0x000000000000e0d0                __call_exitprocs
 *fill*         0x000000000000e1fc        0x4 
 .text.__env_lock
                0x000000000000e200        0xc /opt/devkitpro/devkitA64/bin/../lib/gcc/aarch64-none-elf/11.2.0/../../../../aarch64-none-elf/lib/pic/libg.a(lib_a-envlock.o)
                0x000000000000e200                __env_lock
 *fill*         0x000000000000e20c        0x4 
 .text.__env_unlock
                0x000000000000e210        0xc /opt/devkitpro/devkitA64/bin/../lib/gcc/aarch64-none-elf/11.2.0/../../../../aarch64-none-elf/lib/pic/libg.a(lib_a-envlock.o)
                0x000000000000e210                __env_unlock
 *fill*         0x000000000000e21c        0x4 
 .text._malloc_trim_r
                0x000000000000e220      0x118 /opt/devkitpro/devkitA64/bin/../lib/gcc/aarch64-none-elf/11.2.0/../../../../aarch64-none-elf/lib/pic/libg.a(lib_a-freer.o)
                0x000000000000e220                _malloc_trim_r
 *fill*         0x000000000000e338        0x8 
 .text._free_r  0x000000000000e340      0x2f0 /opt/devkitpro/devkitA64/bin/../lib/gcc/aarch64-none-elf/11.2.0/../../../../aarch64-none-elf/lib/pic/libg.a(lib_a-freer.o)
                0x000000000000e340                _free_r
 .text._findenv_r
                0x000000000000e630      0x100 /opt/devkitpro/devkitA64/bin/../lib/gcc/aarch64-none-elf/11.2.0/../../../../aarch64-none-elf/lib/pic/libg.a(lib_a-getenv_r.o)
                0x000000000000e630                _findenv_r
 .text._realloc_r
                0x000000000000e730      0x538 /opt/devkitpro/devkitA64/bin/../lib/gcc/aarch64-none-elf/11.2.0/../../../../aarch64-none-elf/lib/pic/libg.a(lib_a-reallocr.o)
                0x000000000000e730                _realloc_r
 *fill*         0x000000000000ec68       0x18 
 .text          0x000000000000ec80       0xac /opt/devkitpro/devkitA64/bin/../lib/gcc/aarch64-none-elf/11.2.0/../../../../aarch64-none-elf/lib/pic/libg.a(lib_a-memmove.o)
                0x000000000000ec80                memmove
 *fill*         0x000000000000ed2c        0x4 
 .text.null_write
                0x000000000000ed30        0x8 /opt/devkitpro/devkitA64/bin/../lib/gcc/aarch64-none-elf/11.2.0/../../../../aarch64-none-elf/lib/pic/libsysbase.a(iosupport.o)
 *fill*         0x000000000000ed38        0x8 
 .text.setDefaultDevice
                0x000000000000ed40       0x18 /opt/devkitpro/devkitA64/bin/../lib/gcc/aarch64-none-elf/11.2.0/../../../../aarch64-none-elf/lib/pic/libsysbase.a(iosupport.o)
                0x000000000000ed40                setDefaultDevice
 *fill*         0x000000000000ed58        0x8 
 .text.FindDevice
                0x000000000000ed60      0x108 /opt/devkitpro/devkitA64/bin/../lib/gcc/aarch64-none-elf/11.2.0/../../../../aarch64-none-elf/lib/pic/libsysbase.a(iosupport.o)
                0x000000000000ed60                FindDevice
 *fill*         0x000000000000ee68        0x8 
 .text.RemoveDevice
                0x000000000000ee70       0x34 /opt/devkitpro/devkitA64/bin/../lib/gcc/aarch64-none-elf/11.2.0/../../../../aarch64-none-elf/lib/pic/libsysbase.a(iosupport.o)
                0x000000000000ee70                RemoveDevice
 *fill*         0x000000000000eea4        0xc 
 .text.AddDevice
                0x000000000000eeb0       0xdc /opt/devkitpro/devkitA64/bin/../lib/gcc/aarch64-none-elf/11.2.0/../../../../aarch64-none-elf/lib/pic/libsysbase.a(iosupport.o)
                0x000000000000eeb0                AddDevice
 *fill*         0x000000000000ef8c        0x4 
 .text.GetDeviceOpTab
                0x000000000000ef90       0x34 /opt/devkitpro/devkitA64/bin/../lib/gcc/aarch64-none-elf/11.2.0/../../../../aarch64-none-elf/lib/pic/libsysbase.a(iosupport.o)
                0x000000000000ef90                GetDeviceOpTab
 *fill*         0x000000000000efc4        0xc 
 .text._gettimeofday_r
                0x000000000000efd0       0x24 /opt/devkitpro/devkitA64/bin/../lib/gcc/aarch64-none-elf/11.2.0/../../../../aarch64-none-elf/lib/pic/libsysbase.a(gettod.o)
                0x000000000000efd0                _gettimeofday_r
 *fill*         0x000000000000eff4        0xc 
 .text._sbrk_r  0x000000000000f000       0x78 /opt/devkitpro/devkitA64/bin/../lib/gcc/aarch64-none-elf/11.2.0/../../../../aarch64-none-elf/lib/pic/libsysbase.a(sbrk.o)
                0x000000000000f000                _sbrk_r
 *fill*         0x000000000000f078        0x8 
 .text._exit    0x000000000000f080       0x20 /opt/devkitpro/devkitA64/bin/../lib/gcc/aarch64-none-elf/11.2.0/../../../../aarch64-none-elf/lib/pic/libsysbase.a(_exit.o)
                0x000000000000f080                _exit
 .text._concatenate_path
                0x000000000000f0a0      0x228 /opt/devkitpro/devkitA64/bin/../lib/gcc/aarch64-none-elf/11.2.0/../../../../aarch64-none-elf/lib/pic/libsysbase.a(chdir.o)
                0x000000000000f0a0                _concatenate_path
 *fill*         0x000000000000f2c8        0x8 
 .text.chdir    0x000000000000f2d0      0x178 /opt/devkitpro/devkitA64/bin/../lib/gcc/aarch64-none-elf/11.2.0/../../../../aarch64-none-elf/lib/pic/libsysbase.a(chdir.o)
                0x000000000000f2d0                chdir
 *fill*         0x000000000000f448        0x8 
 .text.__libc_lock_acquire_recursive
                0x000000000000f450       0x14 /opt/devkitpro/devkitA64/bin/../lib/gcc/aarch64-none-elf/11.2.0/../../../../aarch64-none-elf/lib/pic/libsysbase.a(locks.o)
                0x000000000000f450                __libc_lock_acquire_recursive
 *fill*         0x000000000000f464        0xc 
 .text.__libc_lock_release_recursive
                0x000000000000f470       0x14 /opt/devkitpro/devkitA64/bin/../lib/gcc/aarch64-none-elf/11.2.0/../../../../aarch64-none-elf/lib/pic/libsysbase.a(locks.o)
                0x000000000000f470                __libc_lock_release_recursive
 *fill*         0x000000000000f484        0xc 
 .text.__getreent
                0x000000000000f490       0x20 /opt/devkitpro/devkitA64/bin/../lib/gcc/aarch64-none-elf/11.2.0/../../../../aarch64-none-elf/lib/pic/libsysbase.a(getreent.o)
                0x000000000000f490                __getreent
 .text          0x000000000000f4b0      0x100 /opt/devkitpro/devkitA64/bin/../lib/gcc/aarch64-none-elf/11.2.0/../../../../aarch64-none-elf/lib/pic/libg.a(lib_a-strrchr.o)
                0x000000000000f4b0                strrchr
                0x000000000000f5b0                . = ALIGN (0x8)

.fini           0x000000000000f5b0       0x38
 *(.fini)
 .fini          0x000000000000f5b0       0x18 /opt/devkitpro/devkitA64/bin/../lib/gcc/aarch64-none-elf/11.2.0/pic/crti.o
                0x000000000000f5b0                _fini
 .fini          0x000000000000f5c8       0x1c /opt/devkitpro/devkitA64/bin/../lib/gcc/aarch64-none-elf/11.2.0/pic/crtn.o
                0x000000000000f5e8                . = ALIGN (0x8)
 *fill*         0x000000000000f5e4        0x4 
                0x0000000000010000                . = ALIGN (0x1000)
                0x0000000000010000                __rodata_start = .

.nx-module-name
                0x0000000000010000        0xf
 *(.nx-module-name)
 .nx-module-name
                0x0000000000010000        0xf /opt/devkitpro/devkitA64/bin/../lib/gcc/aarch64-none-elf/11.2.0/pic/crti.o

.rodata         0x0000000000010010      0x198
 *(.rodata .rodata.* .gnu.linkonce.r.*)
 .rodata.str1.8
                0x0000000000010010        0x6 main.o
 *fill*         0x0000000000010016        0x2 
 .rodata.romfs_dirnext.str1.8
                0x0000000000010018        0x3 /opt/devkitpro/libnx/lib/libnx.a(romfs_dev.o)
 *fill*         0x000000000001001b        0x5 
 .rodata.fsdev_fixpath.str1.8
                0x0000000000010020        0x2 /opt/devkitpro/libnx/lib/libnx.a(fs_dev.o)
 *fill*         0x0000000000010022        0x6 
 .rodata._fsdevUnmountDeviceStruct.part.0.str1.8
                0x0000000000010028        0x2 /opt/devkitpro/libnx/lib/libnx.a(fs_dev.o)
 *fill*         0x000000000001002a        0x6 
 .rodata.fsdevMountDevice.str1.8
                0x0000000000010030        0x8 /opt/devkitpro/libnx/lib/libnx.a(fs_dev.o)
                                         0x10 (size before relaxing)
 .rodata.fsdevMountSdmc.str1.8
                0x0000000000010038        0x5 /opt/devkitpro/libnx/lib/libnx.a(fs_dev.o)
 *fill*         0x000000000001003d        0x3 
 .rodata.error_table
                0x0000000000010040       0x20 /opt/devkitpro/libnx/lib/libnx.a(fs_dev.o)
 .rodata.smInitialize.str1.8
                0x0000000000010060        0x4 /opt/devkitpro/libnx/lib/libnx.a(sm.o)
 *fill*         0x0000000000010064        0x4 
 .rodata.__libnx_init_time.str1.8
                0x0000000000010068        0xb /opt/devkitpro/libnx/lib/libnx.a(newlib.o)
 *fill*         0x0000000000010073        0x5 
 .rodata.CSWTCH.560
                0x0000000000010078       0x14 /opt/devkitpro/libnx/lib/libnx.a(applet.o)
 *fill*         0x000000000001008c        0x4 
 .rodata.nxlinkSetup.str1.8
                0x0000000000010090       0x10 /opt/devkitpro/libnx/lib/libnx.a(nxlink.o)
                                          0x9 (size before relaxing)
 .rodata._ctype_
                0x00000000000100a0      0x101 /opt/devkitpro/devkitA64/bin/../lib/gcc/aarch64-none-elf/11.2.0/../../../../aarch64-none-elf/lib/pic/libg.a(lib_a-ctype_.o)
                0x00000000000100a0                _ctype_
 .rodata.AddDevice.str1.8
                0x00000000000101a1        0x8 /opt/devkitpro/devkitA64/bin/../lib/gcc/aarch64-none-elf/11.2.0/../../../../aarch64-none-elf/lib/pic/libsysbase.a(iosupport.o)
                0x00000000000101b0                . = ALIGN (0x8)
 *fill*         0x00000000000101a1        0x7 

.eh_frame_hdr   0x00000000000101a8        0x0
                0x00000000000101a8                __eh_frame_hdr_start = .
 *(.eh_frame_hdr)
 *(.eh_frame_entry .eh_frame_entry.*)
                0x00000000000101a8                __eh_frame_hdr_end = .

.eh_frame       0x00000000000101a8     0x3170
 *(.eh_frame)
 .eh_frame      0x00000000000101a8       0x50 /opt/devkitpro/devkitA64/bin/../lib/gcc/aarch64-none-elf/11.2.0/pic/crtbegin.o
 .eh_frame      0x00000000000101f8       0x20 main.o
                                         0x48 (size before relaxing)
 .eh_frame      0x0000000000010218      0x528 /opt/devkitpro/libnx/lib/libnx.a(romfs_dev.o)
                                        0x600 (size before relaxing)
 .eh_frame      0x0000000000010740      0x728 /opt/devkitpro/libnx/lib/libnx.a(fs_dev.o)
                                        0xa10 (size before relaxing)
 .eh_frame      0x0000000000010e68       0x18 /opt/devkitpro/libnx/lib/libnx.a(decode_utf8.o)
                                         0x28 (size before relaxing)
 .eh_frame      0x0000000000010e80       0x18 /opt/devkitpro/libnx/lib/libnx.a(readtp.o)
                                         0x28 (size before relaxing)
 .eh_frame      0x0000000000010e98      0x5c0 /opt/devkitpro/libnx/lib/libnx.a(fs.o)
                                       0x1618 (size before relaxing)
 .eh_frame      0x0000000000011458      0x148 /opt/devkitpro/libnx/lib/libnx.a(sm.o)
                                        0x2f8 (size before relaxing)
 .eh_frame      0x00000000000115a0      0x1d8 /opt/devkitpro/libnx/lib/libnx.a(time.o)
                                        0x458 (size before relaxing)
 .eh_frame      0x0000000000011778       0x18 /opt/devkitpro/libnx/lib/libnx.a(dynamic.o)
                                         0x30 (size before relaxing)
 .eh_frame      0x0000000000011790       0x28 /opt/devkitpro/libnx/lib/libnx.a(hosversion.o)
                                         0x50 (size before relaxing)
 .eh_frame      0x00000000000117b8       0xa8 /opt/devkitpro/libnx/lib/libnx.a(init.o)
                                         0xc0 (size before relaxing)
 .eh_frame      0x0000000000011860      0x130 /opt/devkitpro/libnx/lib/libnx.a(env.o)
                                        0x208 (size before relaxing)
 .eh_frame      0x0000000000011990       0x28 /opt/devkitpro/libnx/lib/libnx.a(alloc.o)
                                         0x50 (size before relaxing)
 .eh_frame      0x00000000000119b8       0xe0 /opt/devkitpro/libnx/lib/libnx.a(newlib.o)
                                        0x430 (size before relaxing)
 .eh_frame      0x0000000000011a98       0x18 /opt/devkitpro/libnx/lib/libnx.a(diag.o)
                                         0x30 (size before relaxing)
 .eh_frame      0x0000000000011ab0       0xa8 /opt/devkitpro/libnx/lib/libnx.a(argv.o)
                                         0xb8 (size before relaxing)
 .eh_frame      0x0000000000011b58      0x190 /opt/devkitpro/libnx/lib/libnx.a(svc.o)
                                        0x9d8 (size before relaxing)
 .eh_frame      0x0000000000011ce8       0x28 /opt/devkitpro/libnx/lib/libnx.a(exception.o)
                                         0x40 (size before relaxing)
 .eh_frame      0x0000000000011d10       0x98 /opt/devkitpro/libnx/lib/libnx.a(shmem.o)
                                         0xc0 (size before relaxing)
 .eh_frame      0x0000000000011da8       0xa0 /opt/devkitpro/libnx/lib/libnx.a(mutex.o)
                                         0xf0 (size before relaxing)
 .eh_frame      0x0000000000011e48      0x148 /opt/devkitpro/libnx/lib/libnx.a(virtmem.o)
                                        0x220 (size before relaxing)
 .eh_frame      0x0000000000011f90       0x60 /opt/devkitpro/libnx/lib/libnx.a(event.o)
                                         0xc0 (size before relaxing)
 .eh_frame      0x0000000000011ff0       0x30 /opt/devkitpro/libnx/lib/libnx.a(condvar.o)
                                         0x48 (size before relaxing)
 .eh_frame      0x0000000000012020       0x60 /opt/devkitpro/libnx/lib/libnx.a(random.o)
                                         0x78 (size before relaxing)
 .eh_frame      0x0000000000012080       0x28 /opt/devkitpro/libnx/lib/libnx.a(thread.o)
                                        0x210 (size before relaxing)
 .eh_frame      0x00000000000120a8      0x118 /opt/devkitpro/libnx/lib/libnx.a(sessionmgr.o)
                                        0x128 (size before relaxing)
 .eh_frame      0x00000000000121c0       0xd8 /opt/devkitpro/libnx/lib/libnx.a(set.o)
                                       0x2d08 (size before relaxing)
 .eh_frame      0x0000000000012298      0x560 /opt/devkitpro/libnx/lib/libnx.a(applet.o)
                                       0x47c8 (size before relaxing)
 .eh_frame      0x00000000000127f8       0xe8 /opt/devkitpro/libnx/lib/libnx.a(hid.o)
                                       0x1be8 (size before relaxing)
 .eh_frame      0x00000000000128e0       0x50 /opt/devkitpro/libnx/lib/libnx.a(nxlink.o)
                                         0x68 (size before relaxing)
 .eh_frame      0x0000000000012930       0x48 /opt/devkitpro/libnx/lib/libnx.a(wait.o)
                                         0x98 (size before relaxing)
 .eh_frame      0x0000000000012978       0x50 /opt/devkitpro/libnx/lib/libnx.a(tmem.o)
                                        0x100 (size before relaxing)
 .eh_frame      0x00000000000129c8       0xe0 /opt/devkitpro/libnx/lib/libnx.a(apm.o)
                                        0x168 (size before relaxing)
 .eh_frame      0x0000000000012aa8        0x0 /opt/devkitpro/devkitA64/bin/../lib/gcc/aarch64-none-elf/11.2.0/../../../../aarch64-none-elf/lib/pic/libg.a(lib_a-aligned_alloc.o)
                                         0x38 (size before relaxing)
 .eh_frame      0x0000000000012aa8       0x68 /opt/devkitpro/devkitA64/bin/../lib/gcc/aarch64-none-elf/11.2.0/../../../../aarch64-none-elf/lib/pic/libg.a(lib_a-bsearch.o)
                                         0x78 (size before relaxing)
 .eh_frame      0x0000000000012b10        0x0 /opt/devkitpro/devkitA64/bin/../lib/gcc/aarch64-none-elf/11.2.0/../../../../aarch64-none-elf/lib/pic/libg.a(lib_a-ctype_.o)
                                         0x28 (size before relaxing)
 .eh_frame      0x0000000000012b10       0x20 /opt/devkitpro/devkitA64/bin/../lib/gcc/aarch64-none-elf/11.2.0/../../../../aarch64-none-elf/lib/pic/libg.a(lib_a-errno.o)
                                         0x38 (size before relaxing)
 .eh_frame      0x0000000000012b30       0x20 /opt/devkitpro/devkitA64/bin/../lib/gcc/aarch64-none-elf/11.2.0/../../../../aarch64-none-elf/lib/pic/libg.a(lib_a-exit.o)
                                         0x30 (size before relaxing)
 .eh_frame      0x0000000000012b50       0x28 /opt/devkitpro/devkitA64/bin/../lib/gcc/aarch64-none-elf/11.2.0/../../../../aarch64-none-elf/lib/pic/libg.a(lib_a-fini.o)
                                         0x38 (size before relaxing)
 .eh_frame      0x0000000000012b78       0x28 /opt/devkitpro/devkitA64/bin/../lib/gcc/aarch64-none-elf/11.2.0/../../../../aarch64-none-elf/lib/pic/libg.a(lib_a-gmtime.o)
                                         0x38 (size before relaxing)
 .eh_frame      0x0000000000012ba0       0x18 /opt/devkitpro/devkitA64/bin/../lib/gcc/aarch64-none-elf/11.2.0/../../../../aarch64-none-elf/lib/pic/libg.a(lib_a-gmtime_r.o)
                                         0x28 (size before relaxing)
 .eh_frame      0x0000000000012bb8       0x28 /opt/devkitpro/devkitA64/bin/../lib/gcc/aarch64-none-elf/11.2.0/../../../../aarch64-none-elf/lib/pic/libg.a(lib_a-init.o)
                                         0x40 (size before relaxing)
 .eh_frame      0x0000000000012be0        0x0 /opt/devkitpro/devkitA64/bin/../lib/gcc/aarch64-none-elf/11.2.0/../../../../aarch64-none-elf/lib/pic/libg.a(lib_a-malignr.o)
                                         0x70 (size before relaxing)
 .eh_frame      0x0000000000012be0       0x48 /opt/devkitpro/devkitA64/bin/../lib/gcc/aarch64-none-elf/11.2.0/../../../../aarch64-none-elf/lib/pic/libg.a(lib_a-malloc.o)
                                         0x60 (size before relaxing)
 .eh_frame      0x0000000000012c28       0xc0 /opt/devkitpro/devkitA64/bin/../lib/gcc/aarch64-none-elf/11.2.0/../../../../aarch64-none-elf/lib/pic/libg.a(lib_a-mallocr.o)
                                         0xd0 (size before relaxing)
 .eh_frame      0x0000000000012ce8       0x28 /opt/devkitpro/devkitA64/bin/../lib/gcc/aarch64-none-elf/11.2.0/../../../../aarch64-none-elf/lib/pic/libg.a(lib_a-mlock.o)
                                         0x40 (size before relaxing)
 .eh_frame      0x0000000000012d10       0x28 /opt/devkitpro/devkitA64/bin/../lib/gcc/aarch64-none-elf/11.2.0/../../../../aarch64-none-elf/lib/pic/libg.a(lib_a-setenv.o)
                                         0x60 (size before relaxing)
 .eh_frame      0x0000000000012d38       0x78 /opt/devkitpro/devkitA64/bin/../lib/gcc/aarch64-none-elf/11.2.0/../../../../aarch64-none-elf/lib/pic/libg.a(lib_a-setenv_r.o)
                                         0xc8 (size before relaxing)
 .eh_frame      0x0000000000012db0       0x18 /opt/devkitpro/devkitA64/bin/../lib/gcc/aarch64-none-elf/11.2.0/../../../../aarch64-none-elf/lib/pic/libg.a(lib_a-strncat.o)
                                         0x28 (size before relaxing)
 .eh_frame      0x0000000000012dc8       0x18 /opt/devkitpro/devkitA64/bin/../lib/gcc/aarch64-none-elf/11.2.0/../../../../aarch64-none-elf/lib/pic/libg.a(lib_a-strncpy.o)
                                         0x28 (size before relaxing)
 .eh_frame      0x0000000000012de0       0x40 /opt/devkitpro/devkitA64/bin/../lib/gcc/aarch64-none-elf/11.2.0/../../../../aarch64-none-elf/lib/pic/libg.a(lib_a-strtoul.o)
                                         0xa8 (size before relaxing)
 .eh_frame      0x0000000000012e20       0x28 /opt/devkitpro/devkitA64/bin/../lib/gcc/aarch64-none-elf/11.2.0/../../../../aarch64-none-elf/lib/pic/libg.a(lib_a-time.o)
                                         0x38 (size before relaxing)
 .eh_frame      0x0000000000012e48       0x58 /opt/devkitpro/devkitA64/bin/../lib/gcc/aarch64-none-elf/11.2.0/../../../../aarch64-none-elf/lib/pic/libg.a(lib_a-__call_atexit.o)
                                         0x70 (size before relaxing)
 .eh_frame      0x0000000000012ea0       0x28 /opt/devkitpro/devkitA64/bin/../lib/gcc/aarch64-none-elf/11.2.0/../../../../aarch64-none-elf/lib/pic/libg.a(lib_a-envlock.o)
                                         0x40 (size before relaxing)
 .eh_frame      0x0000000000012ec8       0x80 /opt/devkitpro/devkitA64/bin/../lib/gcc/aarch64-none-elf/11.2.0/../../../../aarch64-none-elf/lib/pic/libg.a(lib_a-freer.o)
                                         0x98 (size before relaxing)
 .eh_frame      0x0000000000012f48       0x58 /opt/devkitpro/devkitA64/bin/../lib/gcc/aarch64-none-elf/11.2.0/../../../../aarch64-none-elf/lib/pic/libg.a(lib_a-getenv_r.o)
                                         0x90 (size before relaxing)
 .eh_frame      0x0000000000012fa0      0x100 /opt/devkitpro/devkitA64/bin/../lib/gcc/aarch64-none-elf/11.2.0/../../../../aarch64-none-elf/lib/pic/libg.a(lib_a-reallocr.o)
                                        0x118 (size before relaxing)
 .eh_frame      0x00000000000130a0      0x120 /opt/devkitpro/devkitA64/bin/../lib/gcc/aarch64-none-elf/11.2.0/../../../../aarch64-none-elf/lib/pic/libsysbase.a(iosupport.o)
                                        0x130 (size before relaxing)
 .eh_frame      0x00000000000131c0       0x18 /opt/devkitpro/devkitA64/bin/../lib/gcc/aarch64-none-elf/11.2.0/../../../../aarch64-none-elf/lib/pic/libsysbase.a(gettod.o)
                                         0x28 (size before relaxing)
 .eh_frame      0x00000000000131d8       0x18 /opt/devkitpro/devkitA64/bin/../lib/gcc/aarch64-none-elf/11.2.0/../../../../aarch64-none-elf/lib/pic/libsysbase.a(sbrk.o)
                                         0x28 (size before relaxing)
 .eh_frame      0x00000000000131f0       0x20 /opt/devkitpro/devkitA64/bin/../lib/gcc/aarch64-none-elf/11.2.0/../../../../aarch64-none-elf/lib/pic/libsysbase.a(_exit.o)
                                         0x38 (size before relaxing)
 .eh_frame      0x0000000000013210       0xc8 /opt/devkitpro/devkitA64/bin/../lib/gcc/aarch64-none-elf/11.2.0/../../../../aarch64-none-elf/lib/pic/libsysbase.a(chdir.o)
                                        0x120 (size before relaxing)
 .eh_frame      0x00000000000132d8       0x28 /opt/devkitpro/devkitA64/bin/../lib/gcc/aarch64-none-elf/11.2.0/../../../../aarch64-none-elf/lib/pic/libsysbase.a(locks.o)
                                        0x178 (size before relaxing)
 .eh_frame      0x0000000000013300       0x14 /opt/devkitpro/devkitA64/bin/../lib/gcc/aarch64-none-elf/11.2.0/../../../../aarch64-none-elf/lib/pic/libsysbase.a(getreent.o)
                                         0x28 (size before relaxing)
 .eh_frame      0x0000000000013314        0x0 /opt/devkitpro/devkitA64/bin/../lib/gcc/aarch64-none-elf/11.2.0/../../../../aarch64-none-elf/lib/pic/libsysbase.a(clocks.o)
                                         0x78 (size before relaxing)
 .eh_frame      0x0000000000013314        0x4 /opt/devkitpro/devkitA64/bin/../lib/gcc/aarch64-none-elf/11.2.0/pic/crtend.o
 *(.eh_frame.*)

.gcc_except_table
 *(.gcc_except_table .gcc_except_table.*)

.gnu_extab
 *(.gnu_extab*)

.dynamic        0x0000000000013318      0x110
 *(.dynamic)
 .dynamic       0x0000000000013318      0x110 /opt/devkitpro/devkitA64/bin/../lib/gcc/aarch64-none-elf/11.2.0/pic/crti.o
                0x0000000000013318                _DYNAMIC

.dynsym         0x0000000000013428       0x48
 *(.dynsym)
 .dynsym        0x0000000000013428       0x48 /opt/devkitpro/devkitA64/bin/../lib/gcc/aarch64-none-elf/11.2.0/pic/crti.o

.dynstr         0x0000000000013470        0x1
 *(.dynstr)
 .dynstr        0x0000000000013470        0x1 /opt/devkitpro/devkitA64/bin/../lib/gcc/aarch64-none-elf/11.2.0/pic/crti.o

.rela.dyn       0x0000000000013478     0x2250
 *(.rela.*)
 .rela.got      0x0000000000013478      0x498 /opt/devkitpro/devkitA64/bin/../lib/gcc/aarch64-none-elf/11.2.0/pic/crti.o
 .rela.plt      0x0000000000013910        0x0 /opt/devkitpro/devkitA64/bin/../lib/gcc/aarch64-none-elf/11.2.0/pic/crti.o
 .rela.bss      0x0000000000013910        0x0 /opt/devkitpro/devkitA64/bin/../lib/gcc/aarch64-none-elf/11.2.0/pic/crti.o
 .rela.data.rel.ro
                0x0000000000013910        0x0 /opt/devkitpro/devkitA64/bin/../lib/gcc/aarch64-none-elf/11.2.0/pic/crti.o
 .rela.init_array
                0x0000000000013910       0x18 /opt/devkitpro/devkitA64/bin/../lib/gcc/aarch64-none-elf/11.2.0/pic/crti.o
 .rela.fini_array
                0x0000000000013928       0x18 /opt/devkitpro/devkitA64/bin/../lib/gcc/aarch64-none-elf/11.2.0/pic/crti.o
 .rela.ifunc    0x0000000000013940        0x0 /opt/devkitpro/devkitA64/bin/../lib/gcc/aarch64-none-elf/11.2.0/pic/crti.o
 .rela.data.rel.ro.local.romFS_devoptab
                0x0000000000013940      0x120 /opt/devkitpro/devkitA64/bin/../lib/gcc/aarch64-none-elf/11.2.0/pic/crti.o
 .rela.data.rel.ro.local.fsdev_devoptab
                0x0000000000013a60      0x228 /opt/devkitpro/devkitA64/bin/../lib/gcc/aarch64-none-elf/11.2.0/pic/crti.o
 .rela.data.rel.local._impure_ptr
                0x0000000000013c88       0x18 /opt/devkitpro/devkitA64/bin/../lib/gcc/aarch64-none-elf/11.2.0/pic/crti.o
 .rela.data.rel.local.impure_data
                0x0000000000013ca0       0x48 /opt/devkitpro/devkitA64/bin/../lib/gcc/aarch64-none-elf/11.2.0/pic/crti.o
 .rela.data.rel.ro.local._global_impure_ptr
                0x0000000000013ce8       0x18 /opt/devkitpro/devkitA64/bin/../lib/gcc/aarch64-none-elf/11.2.0/pic/crti.o
 .rela.data.rel.__malloc_av_
                0x0000000000013d00     0x1800 /opt/devkitpro/devkitA64/bin/../lib/gcc/aarch64-none-elf/11.2.0/pic/crti.o
 .rela.data.rel.local.environ
                0x0000000000015500       0x18 /opt/devkitpro/devkitA64/bin/../lib/gcc/aarch64-none-elf/11.2.0/pic/crti.o
 .rela.data.rel.devoptab_list
                0x0000000000015518      0x180 /opt/devkitpro/devkitA64/bin/../lib/gcc/aarch64-none-elf/11.2.0/pic/crti.o
 .rela.data.rel.ro.local.dotab_stdnull
                0x0000000000015698       0x30 /opt/devkitpro/devkitA64/bin/../lib/gcc/aarch64-none-elf/11.2.0/pic/crti.o

.interp
 *(.interp)

.hash           0x00000000000156c8       0x18
 *(.hash)
 .hash          0x00000000000156c8       0x18 /opt/devkitpro/devkitA64/bin/../lib/gcc/aarch64-none-elf/11.2.0/pic/crti.o

.gnu.hash
 *(.gnu.hash)

.gnu.version    0x00000000000156e0        0x0
 *(.gnu.version)
 .gnu.version   0x00000000000156e0        0x0 /opt/devkitpro/devkitA64/bin/../lib/gcc/aarch64-none-elf/11.2.0/pic/crti.o

.gnu.version_d  0x00000000000156e0        0x0
 *(.gnu.version_d)
 .gnu.version_d
                0x00000000000156e0        0x0 /opt/devkitpro/devkitA64/bin/../lib/gcc/aarch64-none-elf/11.2.0/pic/crti.o

.gnu.version_r  0x00000000000156e0        0x0
 *(.gnu.version_r)
 .gnu.version_r
                0x00000000000156e0        0x0 /opt/devkitpro/devkitA64/bin/../lib/gcc/aarch64-none-elf/11.2.0/pic/crti.o

.note.gnu.build-id
                0x00000000000156e0       0x24
 *(.note.gnu.build-id)
 .note.gnu.build-id
                0x00000000000156e0       0x24 /opt/devkitpro/devkitA64/bin/../lib/gcc/aarch64-none-elf/11.2.0/pic/crti.o
                0x0000000000016000                . = ALIGN (0x1000)
                0x0000000000016000                __data_start = .

.eh_frame
 *(.eh_frame)
 *(.eh_frame.*)

.gcc_except_table
 *(.gcc_except_table .gcc_except_table.*)

.gnu_extab
 *(.gnu_extab*)

.exception_ranges
 *(.exception_ranges .exception_ranges*)

.tdata          0x0000000000016000        0x0
                0x0000000000016000                __tdata_lma = .
 *(.tdata .tdata.* .gnu.linkonce.td.*)
                0x0000000000016000                . = ALIGN (0x8)
                0x0000000000016000                __tdata_lma_end = .

.tbss           0x0000000000016000      0x410
 *(.tbss .tbss.* .gnu.linkonce.tb.*)
 .tbss.__nx_dev_path_buf
                0x0000000000016000      0x401 /opt/devkitpro/libnx/lib/libnx.a(path_buf.o)
                0x0000000000016000                __nx_dev_path_buf
 *fill*         0x0000000000016401        0x3 
 .tbss.fsdev_last_result
                0x0000000000016404        0x4 /opt/devkitpro/libnx/lib/libnx.a(fs_dev.o)
 .tbss.g_fsPriority
                0x0000000000016408        0x4 /opt/devkitpro/libnx/lib/libnx.a(fs.o)
 *(.tcommon)
                0x0000000000016410                . = ALIGN (0x8)
 *fill*         0x000000000001640c        0x4 

.preinit_array  0x0000000000016000        0x0
                0x0000000000016000                PROVIDE (__preinit_array_start = .)
 *(.preinit_array)
                0x0000000000016000                PROVIDE (__preinit_array_end = .)

.init_array     0x0000000000016000        0x8
                0x0000000000016000                PROVIDE (__init_array_start = .)
 *(SORT_BY_INIT_PRIORITY(.init_array.*) SORT_BY_INIT_PRIORITY(.ctors.*))
 *(.init_array .ctors)
 .init_array    0x0000000000016000        0x8 /opt/devkitpro/devkitA64/bin/../lib/gcc/aarch64-none-elf/11.2.0/pic/crtbegin.o
                0x0000000000016008                PROVIDE (__init_array_end = .)

.fini_array     0x0000000000016008        0x8
                0x0000000000016008                PROVIDE (__fini_array_start = .)
 *(SORT_BY_INIT_PRIORITY(.fini_array.*) SORT_BY_INIT_PRIORITY(.dtors.*))
 *(.fini_array .dtors)
 .fini_array    0x0000000000016008        0x8 /opt/devkitpro/devkitA64/bin/../lib/gcc/aarch64-none-elf/11.2.0/pic/crtbegin.o
                0x0000000000016010                PROVIDE (__fini_array_end = .)
                0x0000000000016010                __got_start__ = .

.got            0x0000000000016010      0x1c8
 *(.got)
 .got           0x0000000000016010      0x1c8 /opt/devkitpro/devkitA64/bin/../lib/gcc/aarch64-none-elf/11.2.0/pic/crti.o
                0x0000000000016010                _GLOBAL_OFFSET_TABLE_
 *(.igot)

.got.plt        0x00000000000161d8       0x18
 *(.got.plt)
 .got.plt       0x00000000000161d8       0x18 /opt/devkitpro/devkitA64/bin/../lib/gcc/aarch64-none-elf/11.2.0/pic/crti.o
 *(.igot.plt)
                0x00000000000161f0                __got_end__ = .

.data           0x00000000000161f0     0x16e8
 *(.data .data.* .gnu.linkonce.d.*)
 .data.rel.ro   0x00000000000161f0        0x0 /opt/devkitpro/devkitA64/bin/../lib/gcc/aarch64-none-elf/11.2.0/pic/crti.o
 .data.rel.ro.local.romFS_devoptab
                0x00000000000161f0       0xe0 /opt/devkitpro/libnx/lib/libnx.a(romfs_dev.o)
 .data.__nx_fsdev_direntry_cache_size
                0x00000000000162d0        0x4 /opt/devkitpro/libnx/lib/libnx.a(fs_dev.o)
                0x00000000000162d0                __nx_fsdev_direntry_cache_size
 .data.__nx_fsdev_support_cwd
                0x00000000000162d4        0x1 /opt/devkitpro/libnx/lib/libnx.a(fs_dev.o)
                0x00000000000162d4                __nx_fsdev_support_cwd
 *fill*         0x00000000000162d5        0x3 
 .data.rel.ro.local.fsdev_devoptab
                0x00000000000162d8       0xe0 /opt/devkitpro/libnx/lib/libnx.a(fs_dev.o)
 .data.__nx_fs_num_sessions
                0x00000000000163b8        0x4 /opt/devkitpro/libnx/lib/libnx.a(fs.o)
                0x00000000000163b8                __nx_fs_num_sessions
 *fill*         0x00000000000163bc        0x4 
 .data.__nx_exception_stack_size
                0x00000000000163c0        0x8 /opt/devkitpro/libnx/lib/libnx.a(init.o)
                0x00000000000163c0                __nx_exception_stack_size
 .data.__nx_applet_auto_notifyrunning
                0x00000000000163c8        0x1 /opt/devkitpro/libnx/lib/libnx.a(applet.o)
                0x00000000000163c8                __nx_applet_auto_notifyrunning
 *fill*         0x00000000000163c9        0x3 
 .data.__nx_applet_type
                0x00000000000163cc        0x4 /opt/devkitpro/libnx/lib/libnx.a(applet.o)
                0x00000000000163cc                __nx_applet_type
 .data.rel.local._impure_ptr
                0x00000000000163d0        0x8 /opt/devkitpro/devkitA64/bin/../lib/gcc/aarch64-none-elf/11.2.0/../../../../aarch64-none-elf/lib/pic/libg.a(lib_a-impure.o)
                0x00000000000163d0                _impure_ptr
 .data.rel.local.impure_data
                0x00000000000163d8      0x768 /opt/devkitpro/devkitA64/bin/../lib/gcc/aarch64-none-elf/11.2.0/../../../../aarch64-none-elf/lib/pic/libg.a(lib_a-impure.o)
 .data.rel.ro.local._global_impure_ptr
                0x0000000000016b40        0x8 /opt/devkitpro/devkitA64/bin/../lib/gcc/aarch64-none-elf/11.2.0/../../../../aarch64-none-elf/lib/pic/libg.a(lib_a-impure.o)
                0x0000000000016b40                _global_impure_ptr
 .data.__malloc_sbrk_base
                0x0000000000016b48        0x8 /opt/devkitpro/devkitA64/bin/../lib/gcc/aarch64-none-elf/11.2.0/../../../../aarch64-none-elf/lib/pic/libg.a(lib_a-mallocr.o)
                0x0000000000016b48                __malloc_sbrk_base
 .data.__malloc_trim_threshold
                0x0000000000016b50        0x8 /opt/devkitpro/devkitA64/bin/../lib/gcc/aarch64-none-elf/11.2.0/../../../../aarch64-none-elf/lib/pic/libg.a(lib_a-mallocr.o)
                0x0000000000016b50                __malloc_trim_threshold
 .data.rel.__malloc_av_
                0x0000000000016b58      0x810 /opt/devkitpro/devkitA64/bin/../lib/gcc/aarch64-none-elf/11.2.0/../../../../aarch64-none-elf/lib/pic/libg.a(lib_a-mallocr.o)
                0x0000000000016b58                __malloc_av_
 .data.rel.local.environ
                0x0000000000017368        0x8 /opt/devkitpro/devkitA64/bin/../lib/gcc/aarch64-none-elf/11.2.0/../../../../aarch64-none-elf/lib/pic/libg.a(lib_a-environ.o)
                0x0000000000017368                environ
 .data.defaultDevice
                0x0000000000017370        0x4 /opt/devkitpro/devkitA64/bin/../lib/gcc/aarch64-none-elf/11.2.0/../../../../aarch64-none-elf/lib/pic/libsysbase.a(iosupport.o)
 *fill*         0x0000000000017374        0x4 
 .data.rel.devoptab_list
                0x0000000000017378       0x80 /opt/devkitpro/devkitA64/bin/../lib/gcc/aarch64-none-elf/11.2.0/../../../../aarch64-none-elf/lib/pic/libsysbase.a(iosupport.o)
                0x0000000000017378                devoptab_list
 .data.rel.ro.local.dotab_stdnull
                0x00000000000173f8       0xe0 /opt/devkitpro/devkitA64/bin/../lib/gcc/aarch64-none-elf/11.2.0/../../../../aarch64-none-elf/lib/pic/libsysbase.a(iosupport.o)
                0x00000000000173f8                dotab_stdnull
 .data._current_working_directory
                0x00000000000174d8      0x400 /opt/devkitpro/devkitA64/bin/../lib/gcc/aarch64-none-elf/11.2.0/../../../../aarch64-none-elf/lib/pic/libsysbase.a(chdir.o)
                0x00000000000178d8                __bss_start__ = .

.bss            0x00000000000178d8     0x72c8
 *(.dynbss)
 .dynbss        0x00000000000178d8        0x0 /opt/devkitpro/devkitA64/bin/../lib/gcc/aarch64-none-elf/11.2.0/pic/crti.o
 *(.bss .bss.* .gnu.linkonce.b.*)
 .bss.completed.1
                0x00000000000178d8        0x1 /opt/devkitpro/devkitA64/bin/../lib/gcc/aarch64-none-elf/11.2.0/pic/crtbegin.o
 *fill*         0x00000000000178d9        0x7 
 .bss.object.0  0x00000000000178e0       0x30 /opt/devkitpro/devkitA64/bin/../lib/gcc/aarch64-none-elf/11.2.0/pic/crtbegin.o
 .bss.__romfs_path
                0x0000000000017910        0x8 /opt/devkitpro/libnx/lib/libnx.a(romfs_dev.o)
                0x0000000000017910                __romfs_path
 .bss.romfs_initialised
                0x0000000000017918        0x1 /opt/devkitpro/libnx/lib/libnx.a(romfs_dev.o)
 *fill*         0x0000000000017919        0x7 
 .bss.romfs_mounts
                0x0000000000017920     0x3700 /opt/devkitpro/libnx/lib/libnx.a(romfs_dev.o)
 .bss.fsdev_fsdevice_cwd
                0x000000000001b020        0x4 /opt/devkitpro/libnx/lib/libnx.a(fs_dev.o)
 *fill*         0x000000000001b024        0x4 
 .bss.fsdev_fsdevices
                0x000000000001b028     0x2400 /opt/devkitpro/libnx/lib/libnx.a(fs_dev.o)
 .bss.fsdev_initialised
                0x000000000001d428        0x1 /opt/devkitpro/libnx/lib/libnx.a(fs_dev.o)
 *fill*         0x000000000001d429        0x7 
 .bss.__stack_top
                0x000000000001d430        0x8 /opt/devkitpro/libnx/lib/libnx.a(switch_crt0.o)
                0x000000000001d430                __stack_top
 .bss.g_fsGuard
                0x000000000001d438        0x8 /opt/devkitpro/libnx/lib/libnx.a(fs.o)
 .bss.g_fsSessionMgr
                0x000000000001d440       0x54 /opt/devkitpro/libnx/lib/libnx.a(fs.o)
 *fill*         0x000000000001d494        0x4 
 .bss.g_fsSrv   0x000000000001d498       0x10 /opt/devkitpro/libnx/lib/libnx.a(fs.o)
 .bss.g_smGuard
                0x000000000001d4a8        0x8 /opt/devkitpro/libnx/lib/libnx.a(sm.o)
 .bss.g_smOverrides
                0x000000000001d4b0      0x180 /opt/devkitpro/libnx/lib/libnx.a(sm.o)
 .bss.g_smOverridesNum
                0x000000000001d630        0x8 /opt/devkitpro/libnx/lib/libnx.a(sm.o)
 .bss.g_smSrv   0x000000000001d638       0x10 /opt/devkitpro/libnx/lib/libnx.a(sm.o)
 .bss.__nx_time_service_type
                0x000000000001d648        0x4 /opt/devkitpro/libnx/lib/libnx.a(time.o)
                0x000000000001d648                __nx_time_service_type
 *fill*         0x000000000001d64c        0x4 
 .bss.g_timeGuard
                0x000000000001d650        0x8 /opt/devkitpro/libnx/lib/libnx.a(time.o)
 .bss.g_timeLocalSystemClock
                0x000000000001d658       0x10 /opt/devkitpro/libnx/lib/libnx.a(time.o)
 .bss.g_timeNetworkSystemClock
                0x000000000001d668       0x10 /opt/devkitpro/libnx/lib/libnx.a(time.o)
 .bss.g_timeSharedmem
                0x000000000001d678       0x20 /opt/devkitpro/libnx/lib/libnx.a(time.o)
 .bss.g_timeSrv
                0x000000000001d698       0x10 /opt/devkitpro/libnx/lib/libnx.a(time.o)
 .bss.g_timeSteadyClock
                0x000000000001d6a8       0x10 /opt/devkitpro/libnx/lib/libnx.a(time.o)
 .bss.g_timeTimeZoneService
                0x000000000001d6b8       0x10 /opt/devkitpro/libnx/lib/libnx.a(time.o)
 .bss.g_timeUserSystemClock
                0x000000000001d6c8       0x10 /opt/devkitpro/libnx/lib/libnx.a(time.o)
 .bss.g_hosVersion
                0x000000000001d6d8        0x4 /opt/devkitpro/libnx/lib/libnx.a(hosversion.o)
 .bss.__nx_exception_ignoredebug
                0x000000000001d6dc        0x4 /opt/devkitpro/libnx/lib/libnx.a(init.o)
                0x000000000001d6dc                __nx_exception_ignoredebug
 .bss.__nx_exception_stack
                0x000000000001d6e0      0x400 /opt/devkitpro/libnx/lib/libnx.a(init.o)
                0x000000000001d6e0                __nx_exception_stack
 .bss.__nx_exceptiondump
                0x000000000001dae0      0x340 /opt/devkitpro/libnx/lib/libnx.a(init.o)
                0x000000000001dae0                __nx_exceptiondump
 .bss.__nx_heap_size
                0x000000000001de20        0x8 /opt/devkitpro/libnx/lib/libnx.a(init.o)
                0x000000000001de20                __nx_heap_size
 .bss.g_hasRandomSeed
                0x000000000001de28        0x1 /opt/devkitpro/libnx/lib/libnx.a(env.o)
 .bss.g_isNso   0x000000000001de29        0x1 /opt/devkitpro/libnx/lib/libnx.a(env.o)
 *fill*         0x000000000001de2a        0x2 
 .bss.g_lastLoadResult
                0x000000000001de2c        0x4 /opt/devkitpro/libnx/lib/libnx.a(env.o)
 .bss.g_loaderInfo
                0x000000000001de30        0x8 /opt/devkitpro/libnx/lib/libnx.a(env.o)
 .bss.g_loaderInfoSize
                0x000000000001de38        0x8 /opt/devkitpro/libnx/lib/libnx.a(env.o)
 .bss.g_loaderRetAddr
                0x000000000001de40        0x8 /opt/devkitpro/libnx/lib/libnx.a(env.o)
 .bss.g_mainThreadHandle
                0x000000000001de48        0x4 /opt/devkitpro/libnx/lib/libnx.a(env.o)
 *fill*         0x000000000001de4c        0x4 